 KASIO_V2.0

 Timestamp is 67e2330e (Tue Mar 25 13:37:34 2025)

 Preferred load address is 0000000180000000

 Start         Length     Name                   Class
 0001:00000000 00000020H .text$di                CODE
 0001:00000020 0000e450H .text$mn                CODE
 0001:0000e470 00000040H .text$mn$00             CODE
 0001:0000e4b0 000001f0H .text$x                 CODE
 0001:0000e6a0 0000000cH .text$yd                CODE
 0002:00000000 000001e0H .idata$5                DATA
 0002:000001e0 00000038H .00cfg                  DATA
 0002:00000218 00000008H .CRT$XCA                DATA
 0002:00000220 00000008H .CRT$XCL                DATA
 0002:00000228 00000000H .CRT$XCU                DATA
 0002:00000228 00000008H .CRT$XCZ                DATA
 0002:00000230 00000008H .CRT$XIA                DATA
 0002:00000238 00000008H .CRT$XIZ                DATA
 0002:00000240 00000008H .CRT$XPA                DATA
 0002:00000248 00000008H .CRT$XPZ                DATA
 0002:00000250 00000008H .CRT$XTA                DATA
 0002:00000258 00000008H .CRT$XTZ                DATA
 0002:00000260 00000000H .gehcont$y              DATA
 0002:00000260 00000000H .gfids$y                DATA
 0002:00000260 00002e20H .rdata                  DATA
 0002:00003080 00000000H .rdata$CastGuardVftablesA DATA
 0002:00003080 00000000H .rdata$CastGuardVftablesC DATA
 0002:00003080 00000644H .rdata$r                DATA
 0002:000036c4 00000094H .rdata$voltmd           DATA
 0002:00003758 00000350H .rdata$zzzdbg           DATA
 0002:00003aa8 00000008H .rtc$IAA                DATA
 0002:00003ab0 00000008H .rtc$IZZ                DATA
 0002:00003ab8 00000008H .rtc$TAA                DATA
 0002:00003ac0 00000008H .rtc$TZZ                DATA
 0002:00003ac8 00000590H .xdata                  DATA
 0002:00004058 000000f8H .xdata$x                DATA
 0002:00004148 00000000H ATL$__a                 DATA
 0002:00004148 00000000H ATL$__z                 DATA
 0002:00004150 00000474H .edata                  DATA
 0002:000045c4 00000050H .idata$2                DATA
 0002:00004614 00000014H .idata$3                DATA
 0002:00004628 000001e0H .idata$4                DATA
 0002:00004808 00000438H .idata$6                DATA
 0003:00000000 000000b8H .data                   DATA
 0003:000000b8 00000080H .data$r                 DATA
 0003:00000138 000001b8H .data$rs                DATA
 0003:000002f0 00000670H .bss                    DATA
 0004:00000000 00000864H .pdata                  DATA
 0005:00000000 00000060H .rsrc$01                DATA
 0005:00000060 00000180H .rsrc$02                DATA

  Address         Publics by Value              Rva+Base               Lib:Object

 0000:00000000       __AbsoluteZero             0000000000000000     <absolute>
 0000:00000000       ___safe_se_handler_count   0000000000000000     <absolute>
 0000:00000000       ___safe_se_handler_table   0000000000000000     <absolute>
 0000:00000000       __arm64x_extra_rfe_table   0000000000000000     <absolute>
 0000:00000000       __arm64x_extra_rfe_table_size 0000000000000000     <absolute>
 0000:00000000       __arm64x_native_entrypoint 0000000000000000     <absolute>
 0000:00000000       __arm64x_redirection_metadata 0000000000000000     <absolute>
 0000:00000000       __arm64x_redirection_metadata_count 0000000000000000     <absolute>
 0000:00000000       __dynamic_value_reloc_table 0000000000000000     <absolute>
 0000:00000000       __enclave_config           0000000000000000     <absolute>
 0000:00000000       __guard_check_icall_a64n_fptr 0000000000000000     <absolute>
 0000:00000000       __guard_eh_cont_count      0000000000000000     <absolute>
 0000:00000000       __guard_eh_cont_table      0000000000000000     <absolute>
 0000:00000000       __guard_fids_count         0000000000000000     <absolute>
 0000:00000000       __guard_fids_table         0000000000000000     <absolute>
 0000:00000000       __guard_iat_count          0000000000000000     <absolute>
 0000:00000000       __guard_iat_table          0000000000000000     <absolute>
 0000:00000000       __guard_longjmp_count      0000000000000000     <absolute>
 0000:00000000       __guard_longjmp_table      0000000000000000     <absolute>
 0000:00000000       __hybrid_auxiliary_delayload_iat 0000000000000000     <absolute>
 0000:00000000       __hybrid_auxiliary_delayload_iat_copy 0000000000000000     <absolute>
 0000:00000000       __hybrid_auxiliary_iat     0000000000000000     <absolute>
 0000:00000000       __hybrid_auxiliary_iat_copy 0000000000000000     <absolute>
 0000:00000000       __hybrid_code_map          0000000000000000     <absolute>
 0000:00000000       __hybrid_code_map_count    0000000000000000     <absolute>
 0000:00000000       __hybrid_image_info_bitfield 0000000000000000     <absolute>
 0000:00000000       __x64_code_ranges_to_entry_points 0000000000000000     <absolute>
 0000:00000000       __x64_code_ranges_to_entry_points_count 0000000000000000     <absolute>
 0000:00000100       __guard_flags              0000000000000100     <absolute>
 0000:00000000       __ImageBase                0000000180000000     <linker-defined>
 0001:00000020       DllMain                    0000000180001020 f   main.obj
 0001:00000070       ??0AntiCollision1D@kasiolib@@QEAA@AEBV01@@Z 0000000180001070 f i main.obj
 0001:00000090       ??0AntiCollision1D@kasiolib@@QEAA@XZ 0000000180001090 f i main.obj
 0001:000000b0       ??0AntiCollision2D@kasiolib@@QEAA@AEBV01@@Z 00000001800010b0 f i main.obj
 0001:000000d0       ??0AntiCollision2D@kasiolib@@QEAA@XZ 00000001800010d0 f i main.obj
 0001:000000f0       ??0AntiCollisionC@kasiolib@@QEAA@AEBV01@@Z 00000001800010f0 f i main.obj
 0001:00000110       ??0AntiCollisionC@kasiolib@@QEAA@XZ 0000000180001110 f i main.obj
 0001:00000130       ??4AntiCollision1D@kasiolib@@QEAAAEAV01@AEBV01@@Z 0000000180001130 f i main.obj
 0001:00000130       ??4AntiCollision2D@kasiolib@@QEAAAEAV01@AEBV01@@Z 0000000180001130 f i main.obj
 0001:00000130       ??4AntiCollisionC@kasiolib@@QEAAAEAV01@AEBV01@@Z 0000000180001130 f i main.obj
 0001:00000140       ??_EAntiCollision1D@kasiolib@@UEAAPEAXI@Z 0000000180001140 f i main.obj
 0001:000001e0       ??_EAntiCollision2D@kasiolib@@UEAAPEAXI@Z 00000001800011e0 f i main.obj
 0001:00000280       ??_EAntiCollisionC@kasiolib@@UEAAPEAXI@Z 0000000180001280 f i main.obj
 0001:00000320       OffsetFrom2Point           0000000180001320 f   KASIO.obj
 0001:000003d0       OffsetFrom3Point           00000001800013d0 f   KASIO.obj
 0001:00000480       OffsetFrom4Point           0000000180001480 f   KASIO.obj
 0001:00000530       GetCalibrationPosXY        0000000180001530 f   KASIO.obj
 0001:000005d0       GetCalibrationErr          00000001800015d0 f   KASIO.obj
 0001:00000690       ??1AntiCollision1D@kasiolib@@UEAA@XZ 0000000180001690 f   KASIO.obj
 0001:000006b0       CreateAntiCollision1D      00000001800016b0 f   KASIO.obj
 0001:00000720       DestroyAntiCollision1D     0000000180001720 f   KASIO.obj
 0001:00000780       ??1AntiCollision2D@kasiolib@@UEAA@XZ 0000000180001780 f   KASIO.obj
 0001:000007a0       CreateAntiCollision2D      00000001800017a0 f   KASIO.obj
 0001:00000810       DestroyAntiCollision2D     0000000180001810 f   KASIO.obj
 0001:00000870       ??1AntiCollisionC@kasiolib@@UEAA@XZ 0000000180001870 f   KASIO.obj
 0001:00000890       CreateAntiCollisionC       0000000180001890 f   KASIO.obj
 0001:00000900       DestroyAntiCollisionC      0000000180001900 f   KASIO.obj
 0001:00000950       ?_AtlInitializeCriticalSectionEx@ATL@@YAHPEAU_RTL_CRITICAL_SECTION@@KK@Z 0000000180001950 f i KASIO.obj
 0001:00000980       __local_stdio_printf_options 0000000180001980 f i KASIO.obj
 0001:00000990       ?homography_from_4pt@@YAHVPOINT2D@@000QEAN@Z 0000000180001990 f   Part.obj
 0001:00000fc0       ?homography_from_4corresp@@YAHUtagALIGN_POINT_DATA@@QEAY02N@Z 0000000180001fc0 f   Part.obj
 0001:00001fb0       ?OffsetFrom2Point@@YAHUtagALIGN_POINT_DATA@@VPOINT2D@@AEAVXYT@@@Z 0000000180002fb0 f   Part.obj
 0001:000024f0       ?OffsetFrom3Point@@YAHUtagALIGN_POINT_DATA@@VPOINT2D@@AEAVXYT@@@Z 00000001800034f0 f   Part.obj
 0001:00002910       ?OffsetFrom4Point@@YAHUtagALIGN_POINT_DATA@@VPOINT2D@@AEAVXYT@@@Z 0000000180003910 f   Part.obj
 0001:000030c0       ?GetCalibrationPosXY@@YAXUtagCALIBRATION_DATA@@HHAEAVPOINT2D@@@Z 00000001800040c0 f   Part.obj
 0001:000031a0       ?GetCalibrationIdx@@YAHUtagCALIBRATION_DATA@@VPOINT2D@@AEAUtagPOINT@@@Z 00000001800041a0 f   Part.obj
 0001:000033d0       ?GetCalibrationErr@@YAHUtagCALIBRATION_DATA@@VPOINT2D@@AEAV2@@Z 00000001800043d0 f   Part.obj
 0001:00003820       ?Init@AntiBumping1D@@UEAAXP6AHXZ0HPEANPEAX21111@Z 0000000180004820 f   Part.obj
 0001:000038f0       ?CheckError@AntiBumping1D@@UEAAHXZ 00000001800048f0 f   Part.obj
 0001:00003b00       ?AxisRMove@AntiBumping1D@@UEAAHNAEAN@Z 0000000180004b00 f   Part.obj
 0001:00003b90       ?AxisJogFwd@AntiBumping1D@@UEAAHAEAN@Z 0000000180004b90 f   Part.obj
 0001:00003c80       ?AxisJogBwd@AntiBumping1D@@UEAAHAEAN@Z 0000000180004c80 f   Part.obj
 0001:00003d70       ?AxisCanMove@AntiBumping1D@@UEAAHN@Z 0000000180004d70 f   Part.obj
 0001:00003ea0       ??0AntiBumping1D@@QEAA@XZ  0000000180004ea0 f   Part.obj
 0001:00003f70       ??1AntiBumping1D@@UEAA@XZ  0000000180004f70 f   Part.obj
 0001:00003fa0       ?UpdateRR@AntiBumping2D@@AEAAHH@Z 0000000180004fa0 f   Part.obj
 0001:00004250       ?UpdateRL@AntiBumping2D@@AEAAHH@Z 0000000180005250 f   Part.obj
 0001:000044e0       ?UpdateLR@AntiBumping2D@@AEAAHH@Z 00000001800054e0 f   Part.obj
 0001:00004740       ?UpdateLL@AntiBumping2D@@AEAAHH@Z 0000000180005740 f   Part.obj
 0001:000049f0       ?Axis1CanMoveRR@AntiBumping2D@@AEAAHN@Z 00000001800059f0 f   Part.obj
 0001:00004d60       ?Axis1CanMoveRL@AntiBumping2D@@AEAAHN@Z 0000000180005d60 f   Part.obj
 0001:000050f0       ?Axis1CanMoveLR@AntiBumping2D@@AEAAHN@Z 00000001800060f0 f   Part.obj
 0001:00005480       ?Axis1CanMoveLL@AntiBumping2D@@AEAAHN@Z 0000000180006480 f   Part.obj
 0001:000057f0       ?Axis2CanMoveRR@AntiBumping2D@@AEAAHN@Z 00000001800067f0 f   Part.obj
 0001:00005b60       ?Axis2CanMoveRL@AntiBumping2D@@AEAAHN@Z 0000000180006b60 f   Part.obj
 0001:00005ef0       ?Axis2CanMoveLR@AntiBumping2D@@AEAAHN@Z 0000000180006ef0 f   Part.obj
 0001:00006280       ?Axis2CanMoveLL@AntiBumping2D@@AEAAHN@Z 0000000180007280 f   Part.obj
 0001:000065f0       ?Axis1JogFwdRR@AntiBumping2D@@AEAAHAEAN@Z 00000001800075f0 f   Part.obj
 0001:000068f0       ?Axis1JogBwdRR@AntiBumping2D@@AEAAHAEAN@Z 00000001800078f0 f   Part.obj
 0001:00006bf0       ?Axis1JogFwdRL@AntiBumping2D@@AEAAHAEAN@Z 0000000180007bf0 f   Part.obj
 0001:00006f00       ?Axis1JogBwdRL@AntiBumping2D@@AEAAHAEAN@Z 0000000180007f00 f   Part.obj
 0001:00007200       ?Axis1JogFwdLR@AntiBumping2D@@AEAAHAEAN@Z 0000000180008200 f   Part.obj
 0001:00007510       ?Axis1JogBwdLR@AntiBumping2D@@AEAAHAEAN@Z 0000000180008510 f   Part.obj
 0001:00007810       ?Axis1JogFwdLL@AntiBumping2D@@AEAAHAEAN@Z 0000000180008810 f   Part.obj
 0001:00007b10       ?Axis1JogBwdLL@AntiBumping2D@@AEAAHAEAN@Z 0000000180008b10 f   Part.obj
 0001:00007e10       ?Axis2JogFwdRR@AntiBumping2D@@AEAAHAEAN@Z 0000000180008e10 f   Part.obj
 0001:00008110       ?Axis2JogBwdRR@AntiBumping2D@@AEAAHAEAN@Z 0000000180009110 f   Part.obj
 0001:00008410       ?Axis2JogFwdRL@AntiBumping2D@@AEAAHAEAN@Z 0000000180009410 f   Part.obj
 0001:00008720       ?Axis2JogBwdRL@AntiBumping2D@@AEAAHAEAN@Z 0000000180009720 f   Part.obj
 0001:00008a20       ?Axis2JogFwdLR@AntiBumping2D@@AEAAHAEAN@Z 0000000180009a20 f   Part.obj
 0001:00008d30       ?Axis2JogBwdLR@AntiBumping2D@@AEAAHAEAN@Z 0000000180009d30 f   Part.obj
 0001:00009030       ?Axis2JogFwdLL@AntiBumping2D@@AEAAHAEAN@Z 000000018000a030 f   Part.obj
 0001:00009330       ?Axis2JogBwdLL@AntiBumping2D@@AEAAHAEAN@Z 000000018000a330 f   Part.obj
 0001:00009630       ?Init@AntiBumping2D@@UEAAXHPEANPEAX100011000@Z 000000018000a630 f   Part.obj
 0001:00009790       ?Update@AntiBumping2D@@UEAAHH@Z 000000018000a790 f   Part.obj
 0001:00009d40       ?Axis1RMove@AntiBumping2D@@UEAAHNAEAN@Z 000000018000ad40 f   Part.obj
 0001:00009dd0       ?Axis2RMove@AntiBumping2D@@UEAAHNAEAN@Z 000000018000add0 f   Part.obj
 0001:00009e60       ?Axis1JogFwd@AntiBumping2D@@UEAAHAEAN@Z 000000018000ae60 f   Part.obj
 0001:00009f10       ?Axis1JogBwd@AntiBumping2D@@UEAAHAEAN@Z 000000018000af10 f   Part.obj
 0001:00009fc0       ?Axis2JogFwd@AntiBumping2D@@UEAAHAEAN@Z 000000018000afc0 f   Part.obj
 0001:0000a070       ?Axis2JogBwd@AntiBumping2D@@UEAAHAEAN@Z 000000018000b070 f   Part.obj
 0001:0000a120       ?Axis1CanMove@AntiBumping2D@@UEAAHN@Z 000000018000b120 f   Part.obj
 0001:0000a1d0       ?Axis2CanMove@AntiBumping2D@@UEAAHN@Z 000000018000b1d0 f   Part.obj
 0001:0000a280       ??0AntiBumping2D@@QEAA@XZ  000000018000b280 f   Part.obj
 0001:0000a340       ??1AntiBumping2D@@UEAA@XZ  000000018000b340 f   Part.obj
 0001:0000a370       ?Init@AntiBumpingCircle@@UEAAXPEANPEAX100011000@Z 000000018000b370 f   Part.obj
 0001:0000a4c0       ?Update@AntiBumpingCircle@@UEAAHXZ 000000018000b4c0 f   Part.obj
 0001:0000a8c0       ?CanMoveX@AntiBumpingCircle@@UEAAHN@Z 000000018000b8c0 f   Part.obj
 0001:0000ab10       ?CanMoveY@AntiBumpingCircle@@UEAAHN@Z 000000018000bb10 f   Part.obj
 0001:0000ad60       ?InterpolationCanMoveXY@AntiBumpingCircle@@UEAAHNN@Z 000000018000bd60 f   Part.obj
 0001:0000afc0       ?RMoveX@AntiBumpingCircle@@UEAAHNAEAN@Z 000000018000bfc0 f   Part.obj
 0001:0000b050       ?RMoveY@AntiBumpingCircle@@UEAAHNAEAN@Z 000000018000c050 f   Part.obj
 0001:0000b0e0       ?JogFwdX@AntiBumpingCircle@@UEAAHAEAN@Z 000000018000c0e0 f   Part.obj
 0001:0000b3b0       ?JogBwdX@AntiBumpingCircle@@UEAAHAEAN@Z 000000018000c3b0 f   Part.obj
 0001:0000b680       ?JogFwdY@AntiBumpingCircle@@UEAAHAEAN@Z 000000018000c680 f   Part.obj
 0001:0000b950       ?JogBwdY@AntiBumpingCircle@@UEAAHAEAN@Z 000000018000c950 f   Part.obj
 0001:0000bc20       ??0AntiBumpingCircle@@QEAA@XZ 000000018000cc20 f   Part.obj
 0001:0000bcd0       ??1AntiBumpingCircle@@UEAA@XZ 000000018000ccd0 f   Part.obj
 0001:0000bd00       ??$pow@NH$0A@@@YANNH@Z     000000018000cd00 f i Part.obj
 0001:0000bd30       ??0AntiBumping1DPimpl@@QEAA@XZ 000000018000cd30 f i Part.obj
 0001:0000bd50       ??0AntiBumping2DPimpl@@QEAA@XZ 000000018000cd50 f i Part.obj
 0001:0000bd70       ??0AntiBumpingCirclePimpl@@QEAA@XZ 000000018000cd70 f i Part.obj
 0001:0000bd90       ??0POINT2D@@QEAA@NN@Z      000000018000cd90 f i Part.obj
 0001:0000bdd0       ??0XYT@@QEAA@NNN@Z         000000018000cdd0 f i Part.obj
 0001:0000be20       ??1AntiBumping1DPimpl@@UEAA@XZ 000000018000ce20 f i Part.obj
 0001:0000be40       ??1AntiBumping2DPimpl@@UEAA@XZ 000000018000ce40 f i Part.obj
 0001:0000be60       ??1AntiBumpingCirclePimpl@@UEAA@XZ 000000018000ce60 f i Part.obj
 0001:0000be80       ??DPOINT2D@@QEAA?AV0@N@Z   000000018000ce80 f i Part.obj
 0001:0000bed0       ??GPOINT2D@@QEAA?AV0@AEBV0@@Z 000000018000ced0 f i Part.obj
 0001:0000bf20       ??HPOINT2D@@QEAA?AV0@AEBV0@@Z 000000018000cf20 f i Part.obj
 0001:0000bf70       ??_EAntiBumping1D@@UEAAPEAXI@Z 000000018000cf70 f i Part.obj
 0001:0000bf70       ??_GAntiBumping1D@@UEAAPEAXI@Z 000000018000cf70 f i Part.obj
 0001:0000bfb0       ??_EAntiBumping1DPimpl@@UEAAPEAXI@Z 000000018000cfb0 f i Part.obj
 0001:0000bfb0       ??_GAntiBumping1DPimpl@@UEAAPEAXI@Z 000000018000cfb0 f i Part.obj
 0001:0000bff0       ??_EAntiBumping2D@@UEAAPEAXI@Z 000000018000cff0 f i Part.obj
 0001:0000bff0       ??_GAntiBumping2D@@UEAAPEAXI@Z 000000018000cff0 f i Part.obj
 0001:0000c030       ??_EAntiBumping2DPimpl@@UEAAPEAXI@Z 000000018000d030 f i Part.obj
 0001:0000c030       ??_GAntiBumping2DPimpl@@UEAAPEAXI@Z 000000018000d030 f i Part.obj
 0001:0000c070       ??_EAntiBumpingCircle@@UEAAPEAXI@Z 000000018000d070 f i Part.obj
 0001:0000c070       ??_GAntiBumpingCircle@@UEAAPEAXI@Z 000000018000d070 f i Part.obj
 0001:0000c0b0       ??_EAntiBumpingCirclePimpl@@UEAAPEAXI@Z 000000018000d0b0 f i Part.obj
 0001:0000c0b0       ??_GAntiBumpingCirclePimpl@@UEAAPEAXI@Z 000000018000d0b0 f i Part.obj
 0001:0000c0f0       ?Between@@YAHHHH@Z         000000018000d0f0 f i Part.obj
 0001:0000c120       ?Between@@YAHNNN@Z         000000018000d120 f i Part.obj
 0001:0000c160       ?Deg2Rad@@YANN@Z           000000018000d160 f i Part.obj
 0001:0000c190       ?GetCen@@YA?AVPOINT2D@@V1@0@Z 000000018000d190 f i Part.obj
 0001:0000c1f0       ?GetDist@@YANVPOINT2D@@0@Z 000000018000d1f0 f i Part.obj
 0001:0000c270       ?GetTheta@@YANNN@Z         000000018000d270 f i Part.obj
 0001:0000c2d0       ?Rad2Deg@@YANN@Z           000000018000d2d0 f i Part.obj
 0001:0000c300       ?Rotate@@YA?AVPOINT2D@@V1@N@Z 000000018000d300 f i Part.obj
 0001:0000c3e0       ??_M@YAXPEAX_K1P6AX0@Z@Z   000000018000d3e0 f   MSVCRTD:ehvecdtr.obj
 0001:0000c510       ?__ArrayUnwind@@YAXPEAX_K1P6AX0@Z@Z 000000018000d510 f   MSVCRTD:ehvecdtr.obj
 0001:0000c590       ??3@YAXPEAX_K@Z            000000018000d590 f   MSVCRTD:delete_scalar_size.obj
 0001:0000c5b0       ??_V@YAXPEAX_K@Z           000000018000d5b0 f   MSVCRTD:delete_array_size.obj
 0001:0000c5d0       ??1type_info@@UEAA@XZ      000000018000d5d0 f   MSVCRTD:std_type_info_static.obj
 0001:0000c5f0       ??_Etype_info@@UEAAPEAXI@Z 000000018000d5f0 f i MSVCRTD:std_type_info_static.obj
 0001:0000c5f0       ??_Gtype_info@@UEAAPEAXI@Z 000000018000d5f0 f i MSVCRTD:std_type_info_static.obj
 0001:0000c630       ??2@YAPEAX_K@Z             000000018000d630 f   MSVCRTD:new_scalar.obj
 0001:0000c690       ?configure_argv@__scrt_narrow_argv_policy@@SAHXZ 000000018000d690 f i MSVCRTD:utility.obj
 0001:0000c780       ?initialize_environment@__scrt_narrow_environment_policy@@SAHXZ 000000018000d780 f i MSVCRTD:utility.obj
 0001:0000c820       NtCurrentTeb               000000018000d820 f i MSVCRTD:utility.obj
 0001:0000c830       __scrt_acquire_startup_lock 000000018000d830 f   MSVCRTD:utility.obj
 0001:0000c8a0       __scrt_dllmain_after_initialize_c 000000018000d8a0 f   MSVCRTD:utility.obj
 0001:0000c8d0       __scrt_dllmain_before_initialize_c 000000018000d8d0 f   MSVCRTD:utility.obj
 0001:0000c8f0       __scrt_dllmain_crt_thread_attach 000000018000d8f0 f   MSVCRTD:utility.obj
 0001:0000c920       __scrt_dllmain_crt_thread_detach 000000018000d920 f   MSVCRTD:utility.obj
 0001:0000c940       __scrt_dllmain_exception_filter 000000018000d940 f   MSVCRTD:utility.obj
 0001:0000c9b0       __scrt_dllmain_uninitialize_c 000000018000d9b0 f   MSVCRTD:utility.obj
 0001:0000c9e0       __scrt_dllmain_uninitialize_critical 000000018000d9e0 f   MSVCRTD:utility.obj
 0001:0000ca00       __scrt_initialize_crt      000000018000da00 f   MSVCRTD:utility.obj
 0001:0000ca50       __scrt_initialize_onexit_tables 000000018000da50 f   MSVCRTD:utility.obj
 0001:0000cb60       __scrt_is_nonwritable_in_current_image 000000018000db60 f   MSVCRTD:utility.obj
 0001:0000cbf0       __scrt_release_startup_lock 000000018000dbf0 f   MSVCRTD:utility.obj
 0001:0000cc20       __scrt_uninitialize_crt    000000018000dc20 f   MSVCRTD:utility.obj
 0001:0000cc60       _onexit                    000000018000dc60 f   MSVCRTD:utility.obj
 0001:0000cce0       atexit                     000000018000dce0 f   MSVCRTD:utility.obj
 0001:0000cd20       __GSHandlerCheck           000000018000dd20 f   MSVCRTD:gshandler.obj
 0001:0000cd60       __GSHandlerCheckCommon     000000018000dd60 f   MSVCRTD:gshandler.obj
 0001:0000ce70       __chkstk                   000000018000de70 f   MSVCRTD:chkstk.obj
 0001:0000ce70       _alloca_probe              000000018000de70 f   MSVCRTD:chkstk.obj
 0001:0000ced0       __security_check_cookie    000000018000ded0 f   MSVCRTD:amdsecgs.obj
 0001:0000cef0       ??3@YAXPEAX@Z              000000018000def0 f   MSVCRTD:delete_scalar.obj
 0001:0000d320       _DllMainCRTStartup         000000018000e320 f   MSVCRTD:dll_dllmain.obj
 0001:0000d360       _guard_check_icall_nop     000000018000e360 f i MSVCRTD:guard_support.obj
 0001:0000d370       ??_V@YAXPEAX@Z             000000018000e370 f   MSVCRTD:delete_array.obj
 0001:0000d390       ??0bad_alloc@std@@AEAA@QEBD@Z 000000018000e390 f i MSVCRTD:throw_bad_alloc.obj
 0001:0000d3d0       ??0bad_alloc@std@@QEAA@AEBV01@@Z 000000018000e3d0 f i MSVCRTD:throw_bad_alloc.obj
 0001:0000d410       ??0bad_alloc@std@@QEAA@XZ  000000018000e410 f i MSVCRTD:throw_bad_alloc.obj
 0001:0000d450       ??0bad_array_new_length@std@@QEAA@AEBV01@@Z 000000018000e450 f i MSVCRTD:throw_bad_alloc.obj
 0001:0000d490       ??0bad_array_new_length@std@@QEAA@XZ 000000018000e490 f i MSVCRTD:throw_bad_alloc.obj
 0001:0000d4d0       ??0exception@std@@QEAA@AEBV01@@Z 000000018000e4d0 f i MSVCRTD:throw_bad_alloc.obj
 0001:0000d530       ??0exception@std@@QEAA@QEBDH@Z 000000018000e530 f i MSVCRTD:throw_bad_alloc.obj
 0001:0000d580       ??1bad_alloc@std@@UEAA@XZ  000000018000e580 f i MSVCRTD:throw_bad_alloc.obj
 0001:0000d5a0       ??1bad_array_new_length@std@@UEAA@XZ 000000018000e5a0 f i MSVCRTD:throw_bad_alloc.obj
 0001:0000d5c0       ??1exception@std@@UEAA@XZ  000000018000e5c0 f i MSVCRTD:throw_bad_alloc.obj
 0001:0000d5f0       ??_Ebad_alloc@std@@UEAAPEAXI@Z 000000018000e5f0 f i MSVCRTD:throw_bad_alloc.obj
 0001:0000d5f0       ??_Gbad_alloc@std@@UEAAPEAXI@Z 000000018000e5f0 f i MSVCRTD:throw_bad_alloc.obj
 0001:0000d630       ??_Ebad_array_new_length@std@@UEAAPEAXI@Z 000000018000e630 f i MSVCRTD:throw_bad_alloc.obj
 0001:0000d630       ??_Gbad_array_new_length@std@@UEAAPEAXI@Z 000000018000e630 f i MSVCRTD:throw_bad_alloc.obj
 0001:0000d670       ??_Eexception@std@@UEAAPEAXI@Z 000000018000e670 f i MSVCRTD:throw_bad_alloc.obj
 0001:0000d670       ??_Gexception@std@@UEAAPEAXI@Z 000000018000e670 f i MSVCRTD:throw_bad_alloc.obj
 0001:0000d6b0       ?__scrt_throw_std_bad_alloc@@YAXXZ 000000018000e6b0 f   MSVCRTD:throw_bad_alloc.obj
 0001:0000d6e0       ?__scrt_throw_std_bad_array_new_length@@YAXXZ 000000018000e6e0 f   MSVCRTD:throw_bad_alloc.obj
 0001:0000d710       ?what@exception@std@@UEBAPEBDXZ 000000018000e710 f i MSVCRTD:throw_bad_alloc.obj
 0001:0000d750       __isa_available_init       000000018000e750 f   MSVCRTD:cpu_disp.obj
 0001:0000dc40       _get_startup_argv_mode     000000018000ec40 f   MSVCRTD:argv_mode.obj
 0001:0000dc50       __scrt_is_ucrt_dll_in_use  000000018000ec50 f   MSVCRTD:ucrt_detection.obj
 0001:0000dc80       __crt_debugger_hook        000000018000ec80 f   MSVCRTD:utility_desktop.obj
 0001:0000dc90       __scrt_fastfail            000000018000ec90 f   MSVCRTD:utility_desktop.obj
 0001:0000de30       __raise_securityfailure    000000018000ee30 f   MSVCRTD:gs_report.obj
 0001:0000de70       __report_gsfailure         000000018000ee70 f   MSVCRTD:gs_report.obj
 0001:0000e0d0       __security_init_cookie     000000018000f0d0 f   MSVCRTD:gs_support.obj
 0001:0000e150       ?__scrt_initialize_type_info@@YAXXZ 000000018000f150 f   MSVCRTD:tncleanup.obj
 0001:0000e170       ?__scrt_uninitialize_type_info@@YAXXZ 000000018000f170 f   MSVCRTD:tncleanup.obj
 0001:0000e190       __local_stdio_scanf_options 000000018000f190 f i MSVCRTD:default_local_stdio_options.obj
 0001:0000e1a0       __scrt_initialize_default_local_stdio_options 000000018000f1a0 f   MSVCRTD:default_local_stdio_options.obj
 0001:0000e1f0       __scrt_get_dyn_tls_init_callback 000000018000f1f0 f   MSVCRTD:dyn_tls_init.obj
 0001:0000e200       _RTC_Initialize            000000018000f200 f   MSVCRTD:initsect.obj
 0001:0000e250       _RTC_Terminate             000000018000f250 f   MSVCRTD:initsect.obj
 0001:0000e2a0       ??0CAtlBaseModule@ATL@@QEAA@XZ 000000018000f2a0 f   atls:atlbase.obj
 0001:0000e348       ??1CAtlBaseModule@ATL@@QEAA@XZ 000000018000f348 f   atls:atlbase.obj
 0001:0000e37c       _purecall                  000000018000f37c f   vcruntimed:VCRUNTIME140D.dll
 0001:0000e382       __CxxFrameHandler4         000000018000f382 f   vcruntimed:VCRUNTIME140_1D.dll
 0001:0000e388       memcpy                     000000018000f388 f   vcruntimed:VCRUNTIME140D.dll
 0001:0000e38e       memset                     000000018000f38e f   vcruntimed:VCRUNTIME140D.dll
 0001:0000e394       _CxxThrowException         000000018000f394 f   vcruntimed:VCRUNTIME140D.dll
 0001:0000e39a       __current_exception        000000018000f39a f   vcruntimed:VCRUNTIME140D.dll
 0001:0000e3a0       __current_exception_context 000000018000f3a0 f   vcruntimed:VCRUNTIME140D.dll
 0001:0000e3a6       __C_specific_handler       000000018000f3a6 f   vcruntimed:VCRUNTIME140D.dll
 0001:0000e3ac       __std_exception_copy       000000018000f3ac f   vcruntimed:VCRUNTIME140D.dll
 0001:0000e3b2       __std_exception_destroy    000000018000f3b2 f   vcruntimed:VCRUNTIME140D.dll
 0001:0000e3b8       __std_type_info_destroy_list 000000018000f3b8 f   vcruntimed:VCRUNTIME140D.dll
 0001:0000e3be       free                       000000018000f3be f   ucrtd:ucrtbased.dll
 0001:0000e3c4       malloc                     000000018000f3c4 f   ucrtd:ucrtbased.dll
 0001:0000e3ca       cos                        000000018000f3ca f   ucrtd:ucrtbased.dll
 0001:0000e3d0       fabs                       000000018000f3d0 f   ucrtd:ucrtbased.dll
 0001:0000e3d6       pow                        000000018000f3d6 f   ucrtd:ucrtbased.dll
 0001:0000e3dc       sin                        000000018000f3dc f   ucrtd:ucrtbased.dll
 0001:0000e3e2       sqrt                       000000018000f3e2 f   ucrtd:ucrtbased.dll
 0001:0000e3e8       terminate                  000000018000f3e8 f   ucrtd:ucrtbased.dll
 0001:0000e3ee       _callnewh                  000000018000f3ee f   ucrtd:ucrtbased.dll
 0001:0000e3f4       _seh_filter_dll            000000018000f3f4 f   ucrtd:ucrtbased.dll
 0001:0000e3fa       _configure_narrow_argv     000000018000f3fa f   ucrtd:ucrtbased.dll
 0001:0000e400       _initialize_narrow_environment 000000018000f400 f   ucrtd:ucrtbased.dll
 0001:0000e406       _initialize_onexit_table   000000018000f406 f   ucrtd:ucrtbased.dll
 0001:0000e40c       _register_onexit_function  000000018000f40c f   ucrtd:ucrtbased.dll
 0001:0000e412       _execute_onexit_table      000000018000f412 f   ucrtd:ucrtbased.dll
 0001:0000e418       _crt_atexit                000000018000f418 f   ucrtd:ucrtbased.dll
 0001:0000e41e       _cexit                     000000018000f41e f   ucrtd:ucrtbased.dll
 0001:0000e424       _free_dbg                  000000018000f424 f   ucrtd:ucrtbased.dll
 0001:0000e42a       _initterm                  000000018000f42a f   ucrtd:ucrtbased.dll
 0001:0000e430       _initterm_e                000000018000f430 f   ucrtd:ucrtbased.dll
 0001:0000e440       __acrt_initialize          000000018000f440 f   MSVCRTD:ucrt_stubs.obj
 0001:0000e440       __acrt_thread_attach       000000018000f440 f   MSVCRTD:ucrt_stubs.obj
 0001:0000e440       __acrt_thread_detach       000000018000f440 f   MSVCRTD:ucrt_stubs.obj
 0001:0000e440       __scrt_stub_for_acrt_initialize 000000018000f440 f   MSVCRTD:ucrt_stubs.obj
 0001:0000e440       __scrt_stub_for_acrt_thread_attach 000000018000f440 f   MSVCRTD:ucrt_stubs.obj
 0001:0000e440       __scrt_stub_for_acrt_thread_detach 000000018000f440 f   MSVCRTD:ucrt_stubs.obj
 0001:0000e440       __vcrt_initialize          000000018000f440 f   MSVCRTD:ucrt_stubs.obj
 0001:0000e440       __vcrt_thread_attach       000000018000f440 f   MSVCRTD:ucrt_stubs.obj
 0001:0000e440       __vcrt_thread_detach       000000018000f440 f   MSVCRTD:ucrt_stubs.obj
 0001:0000e450       __acrt_uninitialize        000000018000f450 f   MSVCRTD:ucrt_stubs.obj
 0001:0000e450       __acrt_uninitialize_critical 000000018000f450 f   MSVCRTD:ucrt_stubs.obj
 0001:0000e450       __scrt_stub_for_acrt_uninitialize 000000018000f450 f   MSVCRTD:ucrt_stubs.obj
 0001:0000e450       __scrt_stub_for_acrt_uninitialize_critical 000000018000f450 f   MSVCRTD:ucrt_stubs.obj
 0001:0000e450       __vcrt_uninitialize        000000018000f450 f   MSVCRTD:ucrt_stubs.obj
 0001:0000e450       __vcrt_uninitialize_critical 000000018000f450 f   MSVCRTD:ucrt_stubs.obj
 0001:0000e460       __scrt_stub_for_is_c_termination_complete 000000018000f460 f   MSVCRTD:ucrt_stubs.obj
 0001:0000e460       _is_c_termination_complete 000000018000f460 f   MSVCRTD:ucrt_stubs.obj
 0001:0000e480       _guard_dispatch_icall_nop  000000018000f480 f   MSVCRTD:guard_dispatch.obj
 0001:0000e4a0       _guard_xfg_dispatch_icall_nop 000000018000f4a0 f   MSVCRTD:guard_xfg_dispatch.obj
 0002:00000000       __imp_GetLastError         0000000180010000     Kernel32:KERNEL32.dll
 0002:00000008       __imp_InitializeCriticalSectionEx 0000000180010008     Kernel32:KERNEL32.dll
 0002:00000010       __imp_DeleteCriticalSection 0000000180010010     Kernel32:KERNEL32.dll
 0002:00000018       __imp_OutputDebugStringW   0000000180010018     Kernel32:KERNEL32.dll
 0002:00000020       __imp_InitializeSListHead  0000000180010020     Kernel32:KERNEL32.dll
 0002:00000028       __imp_GetSystemTimeAsFileTime 0000000180010028     Kernel32:KERNEL32.dll
 0002:00000030       __imp_GetCurrentThreadId   0000000180010030     Kernel32:KERNEL32.dll
 0002:00000038       __imp_GetCurrentProcessId  0000000180010038     Kernel32:KERNEL32.dll
 0002:00000040       __imp_QueryPerformanceCounter 0000000180010040     Kernel32:KERNEL32.dll
 0002:00000048       __imp_TerminateProcess     0000000180010048     Kernel32:KERNEL32.dll
 0002:00000050       __imp_GetCurrentProcess    0000000180010050     Kernel32:KERNEL32.dll
 0002:00000058       __imp_IsProcessorFeaturePresent 0000000180010058     Kernel32:KERNEL32.dll
 0002:00000060       __imp_SetUnhandledExceptionFilter 0000000180010060     Kernel32:KERNEL32.dll
 0002:00000068       __imp_UnhandledExceptionFilter 0000000180010068     Kernel32:KERNEL32.dll
 0002:00000070       __imp_IsDebuggerPresent    0000000180010070     Kernel32:KERNEL32.dll
 0002:00000078       __imp_RtlVirtualUnwind     0000000180010078     Kernel32:KERNEL32.dll
 0002:00000080       __imp_RtlLookupFunctionEntry 0000000180010080     Kernel32:KERNEL32.dll
 0002:00000088       __imp_RtlCaptureContext    0000000180010088     Kernel32:KERNEL32.dll
 0002:00000090       \177KERNEL32_NULL_THUNK_DATA 0000000180010090     Kernel32:KERNEL32.dll
 0002:00000098       __imp___std_type_info_destroy_list 0000000180010098     vcruntimed:VCRUNTIME140D.dll
 0002:000000a0       __imp__purecall            00000001800100a0     vcruntimed:VCRUNTIME140D.dll
 0002:000000a8       __imp_memcpy               00000001800100a8     vcruntimed:VCRUNTIME140D.dll
 0002:000000b0       __imp__CxxThrowException   00000001800100b0     vcruntimed:VCRUNTIME140D.dll
 0002:000000b8       __imp___current_exception  00000001800100b8     vcruntimed:VCRUNTIME140D.dll
 0002:000000c0       __imp___current_exception_context 00000001800100c0     vcruntimed:VCRUNTIME140D.dll
 0002:000000c8       __imp___C_specific_handler 00000001800100c8     vcruntimed:VCRUNTIME140D.dll
 0002:000000d0       __imp_memset               00000001800100d0     vcruntimed:VCRUNTIME140D.dll
 0002:000000d8       __imp___std_exception_copy 00000001800100d8     vcruntimed:VCRUNTIME140D.dll
 0002:000000e0       __imp___std_exception_destroy 00000001800100e0     vcruntimed:VCRUNTIME140D.dll
 0002:000000e8       \177VCRUNTIME140D_NULL_THUNK_DATA 00000001800100e8     vcruntimed:VCRUNTIME140D.dll
 0002:000000f0       __imp___CxxFrameHandler4   00000001800100f0     vcruntimed:VCRUNTIME140_1D.dll
 0002:000000f8       \177VCRUNTIME140_1D_NULL_THUNK_DATA 00000001800100f8     vcruntimed:VCRUNTIME140_1D.dll
 0002:00000100       __imp_sinf                 0000000180010100     ucrtd:ucrtbased.dll
 0002:00000108       __imp__wassert             0000000180010108     ucrtd:ucrtbased.dll
 0002:00000110       __imp_terminate            0000000180010110     ucrtd:ucrtbased.dll
 0002:00000118       __imp__callnewh            0000000180010118     ucrtd:ucrtbased.dll
 0002:00000120       __imp__seh_filter_dll      0000000180010120     ucrtd:ucrtbased.dll
 0002:00000128       __imp__configure_narrow_argv 0000000180010128     ucrtd:ucrtbased.dll
 0002:00000130       __imp_acosf                0000000180010130     ucrtd:ucrtbased.dll
 0002:00000138       __imp__initialize_onexit_table 0000000180010138     ucrtd:ucrtbased.dll
 0002:00000140       __imp__register_onexit_function 0000000180010140     ucrtd:ucrtbased.dll
 0002:00000148       __imp__execute_onexit_table 0000000180010148     ucrtd:ucrtbased.dll
 0002:00000150       __imp__crt_atexit          0000000180010150     ucrtd:ucrtbased.dll
 0002:00000158       __imp__cexit               0000000180010158     ucrtd:ucrtbased.dll
 0002:00000160       __imp__free_dbg            0000000180010160     ucrtd:ucrtbased.dll
 0002:00000168       __imp__initterm            0000000180010168     ucrtd:ucrtbased.dll
 0002:00000170       __imp__initterm_e          0000000180010170     ucrtd:ucrtbased.dll
 0002:00000178       __imp_cosf                 0000000180010178     ucrtd:ucrtbased.dll
 0002:00000180       __imp_sqrt                 0000000180010180     ucrtd:ucrtbased.dll
 0002:00000188       __imp_sin                  0000000180010188     ucrtd:ucrtbased.dll
 0002:00000190       __imp_pow                  0000000180010190     ucrtd:ucrtbased.dll
 0002:00000198       __imp_fabs                 0000000180010198     ucrtd:ucrtbased.dll
 0002:000001a0       __imp_cos                  00000001800101a0     ucrtd:ucrtbased.dll
 0002:000001a8       __imp_atan2f               00000001800101a8     ucrtd:ucrtbased.dll
 0002:000001b0       __imp_malloc               00000001800101b0     ucrtd:ucrtbased.dll
 0002:000001b8       __imp_free                 00000001800101b8     ucrtd:ucrtbased.dll
 0002:000001c0       __imp_asinf                00000001800101c0     ucrtd:ucrtbased.dll
 0002:000001c8       __imp__initialize_narrow_environment 00000001800101c8     ucrtd:ucrtbased.dll
 0002:000001d0       __imp_round                00000001800101d0     ucrtd:ucrtbased.dll
 0002:000001d8       \177ucrtbased_NULL_THUNK_DATA 00000001800101d8     ucrtd:ucrtbased.dll
 0002:000001e0       __guard_check_icall_fptr   00000001800101e0     MSVCRTD:guard_support.obj
 0002:000001e8       __guard_xfg_check_icall_fptr 00000001800101e8     MSVCRTD:guard_support.obj
 0002:000001f0       __guard_dispatch_icall_fptr 00000001800101f0     MSVCRTD:guard_support.obj
 0002:000001f8       __guard_xfg_dispatch_icall_fptr 00000001800101f8     MSVCRTD:guard_support.obj
 0002:00000200       __guard_xfg_table_dispatch_icall_fptr 0000000180010200     MSVCRTD:guard_support.obj
 0002:00000208       __castguard_check_failure_os_handled_fptr 0000000180010208     MSVCRTD:guard_support.obj
 0002:00000210       __guard_memcpy_fptr        0000000180010210     vcruntimed:softmemtag.obj
 0002:00000218       __xc_a                     0000000180010218     MSVCRTD:initializers.obj
 0002:00000228       __xc_z                     0000000180010228     MSVCRTD:initializers.obj
 0002:00000230       __xi_a                     0000000180010230     MSVCRTD:initializers.obj
 0002:00000238       __xi_z                     0000000180010238     MSVCRTD:initializers.obj
 0002:00000240       __xp_a                     0000000180010240     MSVCRTD:initializers.obj
 0002:00000248       __xp_z                     0000000180010248     MSVCRTD:initializers.obj
 0002:00000250       __xt_a                     0000000180010250     MSVCRTD:initializers.obj
 0002:00000258       __xt_z                     0000000180010258     MSVCRTD:initializers.obj
 0002:00000268       ??_7AntiCollision1D@kasiolib@@6B@ 0000000180010268     main.obj
 0002:000002a8       ??_7AntiCollision2D@kasiolib@@6B@ 00000001800102a8     main.obj
 0002:00000308       ??_7AntiCollisionC@kasiolib@@6B@ 0000000180010308     main.obj
 0002:00002bb8       ??_7AntiBumping1D@@6B@     0000000180012bb8     Part.obj
 0002:00002bf8       ??_7AntiBumping2D@@6B@     0000000180012bf8     Part.obj
 0002:00002c58       ??_7AntiBumpingCircle@@6B@ 0000000180012c58     Part.obj
 0002:00002cc0       ??_7AntiBumping1DPimpl@@6B@ 0000000180012cc0     Part.obj
 0002:00002cd0       ??_7AntiBumping2DPimpl@@6B@ 0000000180012cd0     Part.obj
 0002:00002ce0       ??_7AntiBumpingCirclePimpl@@6B@ 0000000180012ce0     Part.obj
 0002:00002ce8       __real@0000000000000000    0000000180012ce8     Part.obj
 0002:00002cf0       __real@3f50624dd2f1a9fc    0000000180012cf0     Part.obj
 0002:00002cf8       __real@3f91df46a2529d39    0000000180012cf8     Part.obj
 0002:00002d00       __real@3ff0000000000000    0000000180012d00     Part.obj
 0002:00002d08       __real@4000000000000000    0000000180012d08     Part.obj
 0002:00002d10       __real@404ca5dc1a63c1f8    0000000180012d10     Part.obj
 0002:00002d18       __real@408f400000000000    0000000180012d18     Part.obj
 0002:00002d20       __real@416312cfe0000000    0000000180012d20     Part.obj
 0002:00002d28       __real@bff0000000000000    0000000180012d28     Part.obj
 0002:00002d30       __real@c16312cfe0000000    0000000180012d30     Part.obj
 0002:00002d40       __xmm@80000000000000008000000000000000 0000000180012d40     Part.obj
 0002:00002d58       ??_7type_info@@6B@         0000000180012d58     MSVCRTD:std_type_info_static.obj
 0002:00002d60       _pDefaultRawDllMain        0000000180012d60     MSVCRTD:dll_dllmain.obj
 0002:00002d60       _pRawDllMain               0000000180012d60     MSVCRTD:dll_dllmain.obj
 0002:00002d70       ??_7exception@std@@6B@     0000000180012d70     MSVCRTD:throw_bad_alloc.obj
 0002:00002d80       ??_C@_0BC@EOODALEL@Unknown?5exception@ 0000000180012d80     MSVCRTD:throw_bad_alloc.obj
 0002:00002da0       ??_7bad_alloc@std@@6B@     0000000180012da0     MSVCRTD:throw_bad_alloc.obj
 0002:00002db0       ??_C@_0P@GHFPNOJB@bad?5allocation@ 0000000180012db0     MSVCRTD:throw_bad_alloc.obj
 0002:00002dc8       ??_7bad_array_new_length@std@@6B@ 0000000180012dc8     MSVCRTD:throw_bad_alloc.obj
 0002:00002dd8       ??_C@_0BF@KINCDENJ@bad?5array?5new?5length@ 0000000180012dd8     MSVCRTD:throw_bad_alloc.obj
 0002:00002e00       GUID_ATLVer110             0000000180012e00     atls:atlbase.obj
 0002:00002e10       ??_C@_1IC@ONKHOIDK@?$AAE?$AAR?$AAR?$AAO?$AAR?$AA?5?$AA?3?$AA?5?$AAU?$AAn?$AAa?$AAb?$AAl?$AAe?$AA?5@ 0000000180012e10     atls:atlbase.obj
 0002:00002ea0       _load_config_used          0000000180012ea0     MSVCRTD:loadcfg.obj
 0002:00003080       ??_R4AntiCollision1D@kasiolib@@6B@ 0000000180013080     main.obj
 0002:000030a8       ??_R3AntiCollision1D@kasiolib@@8 00000001800130a8     main.obj
 0002:000030c0       ??_R2AntiCollision1D@kasiolib@@8 00000001800130c0     main.obj
 0002:000030d0       ??_R1A@?0A@EA@AntiCollision1D@kasiolib@@8 00000001800130d0     main.obj
 0002:000030f8       ??_R4AntiCollision2D@kasiolib@@6B@ 00000001800130f8     main.obj
 0002:00003120       ??_R3AntiCollision2D@kasiolib@@8 0000000180013120     main.obj
 0002:00003138       ??_R2AntiCollision2D@kasiolib@@8 0000000180013138     main.obj
 0002:00003148       ??_R1A@?0A@EA@AntiCollision2D@kasiolib@@8 0000000180013148     main.obj
 0002:00003170       ??_R4AntiCollisionC@kasiolib@@6B@ 0000000180013170     main.obj
 0002:00003198       ??_R3AntiCollisionC@kasiolib@@8 0000000180013198     main.obj
 0002:000031b0       ??_R2AntiCollisionC@kasiolib@@8 00000001800131b0     main.obj
 0002:000031c0       ??_R1A@?0A@EA@AntiCollisionC@kasiolib@@8 00000001800131c0     main.obj
 0002:000031e8       ??_R4AntiBumping1DPimpl@@6B@ 00000001800131e8     Part.obj
 0002:00003210       ??_R3AntiBumping1DPimpl@@8 0000000180013210     Part.obj
 0002:00003228       ??_R2AntiBumping1DPimpl@@8 0000000180013228     Part.obj
 0002:00003238       ??_R1A@?0A@EA@AntiBumping1DPimpl@@8 0000000180013238     Part.obj
 0002:00003260       ??_R4AntiBumping1D@@6B@    0000000180013260     Part.obj
 0002:00003288       ??_R3AntiBumping1D@@8      0000000180013288     Part.obj
 0002:000032a0       ??_R2AntiBumping1D@@8      00000001800132a0     Part.obj
 0002:000032b8       ??_R1A@?0A@EA@AntiBumping1D@@8 00000001800132b8     Part.obj
 0002:000032e0       ??_R4AntiBumping2DPimpl@@6B@ 00000001800132e0     Part.obj
 0002:00003308       ??_R3AntiBumping2DPimpl@@8 0000000180013308     Part.obj
 0002:00003320       ??_R2AntiBumping2DPimpl@@8 0000000180013320     Part.obj
 0002:00003330       ??_R1A@?0A@EA@AntiBumping2DPimpl@@8 0000000180013330     Part.obj
 0002:00003358       ??_R4AntiBumping2D@@6B@    0000000180013358     Part.obj
 0002:00003380       ??_R3AntiBumping2D@@8      0000000180013380     Part.obj
 0002:00003398       ??_R2AntiBumping2D@@8      0000000180013398     Part.obj
 0002:000033b0       ??_R1A@?0A@EA@AntiBumping2D@@8 00000001800133b0     Part.obj
 0002:000033d8       ??_R4AntiBumpingCirclePimpl@@6B@ 00000001800133d8     Part.obj
 0002:00003400       ??_R3AntiBumpingCirclePimpl@@8 0000000180013400     Part.obj
 0002:00003418       ??_R2AntiBumpingCirclePimpl@@8 0000000180013418     Part.obj
 0002:00003428       ??_R1A@?0A@EA@AntiBumpingCirclePimpl@@8 0000000180013428     Part.obj
 0002:00003450       ??_R4AntiBumpingCircle@@6B@ 0000000180013450     Part.obj
 0002:00003478       ??_R3AntiBumpingCircle@@8  0000000180013478     Part.obj
 0002:00003490       ??_R2AntiBumpingCircle@@8  0000000180013490     Part.obj
 0002:000034a8       ??_R1A@?0A@EA@AntiBumpingCircle@@8 00000001800134a8     Part.obj
 0002:000034d0       ??_R4type_info@@6B@        00000001800134d0     MSVCRTD:std_type_info_static.obj
 0002:000034f8       ??_R3type_info@@8          00000001800134f8     MSVCRTD:std_type_info_static.obj
 0002:00003510       ??_R2type_info@@8          0000000180013510     MSVCRTD:std_type_info_static.obj
 0002:00003520       ??_R1A@?0A@EA@type_info@@8 0000000180013520     MSVCRTD:std_type_info_static.obj
 0002:00003548       ??_R4exception@std@@6B@    0000000180013548     MSVCRTD:throw_bad_alloc.obj
 0002:00003570       ??_R3exception@std@@8      0000000180013570     MSVCRTD:throw_bad_alloc.obj
 0002:00003588       ??_R2exception@std@@8      0000000180013588     MSVCRTD:throw_bad_alloc.obj
 0002:00003598       ??_R1A@?0A@EA@exception@std@@8 0000000180013598     MSVCRTD:throw_bad_alloc.obj
 0002:000035c0       ??_R4bad_array_new_length@std@@6B@ 00000001800135c0     MSVCRTD:throw_bad_alloc.obj
 0002:000035e8       ??_R3bad_array_new_length@std@@8 00000001800135e8     MSVCRTD:throw_bad_alloc.obj
 0002:00003600       ??_R2bad_array_new_length@std@@8 0000000180013600     MSVCRTD:throw_bad_alloc.obj
 0002:00003620       ??_R1A@?0A@EA@bad_array_new_length@std@@8 0000000180013620     MSVCRTD:throw_bad_alloc.obj
 0002:00003648       ??_R1A@?0A@EA@bad_alloc@std@@8 0000000180013648     MSVCRTD:throw_bad_alloc.obj
 0002:00003670       ??_R3bad_alloc@std@@8      0000000180013670     MSVCRTD:throw_bad_alloc.obj
 0002:00003688       ??_R2bad_alloc@std@@8      0000000180013688     MSVCRTD:throw_bad_alloc.obj
 0002:000036a0       ??_R4bad_alloc@std@@6B@    00000001800136a0     MSVCRTD:throw_bad_alloc.obj
 0002:000036c4       __volatile_metadata        00000001800136c4     <linker-defined>
 0002:00003aa8       __rtc_iaa                  0000000180013aa8     MSVCRTD:initsect.obj
 0002:00003ab0       __rtc_izz                  0000000180013ab0     MSVCRTD:initsect.obj
 0002:00003ab8       __rtc_taa                  0000000180013ab8     MSVCRTD:initsect.obj
 0002:00003ac0       __rtc_tzz                  0000000180013ac0     MSVCRTD:initsect.obj
 0002:00004058       _TI2?AVbad_alloc@std@@     0000000180014058     MSVCRTD:throw_bad_alloc.obj
 0002:00004078       _CTA2?AVbad_alloc@std@@    0000000180014078     MSVCRTD:throw_bad_alloc.obj
 0002:00004090       _CT??_R0?AVbad_alloc@std@@@8??0bad_alloc@std@@QEAA@AEBV01@@Z24 0000000180014090     MSVCRTD:throw_bad_alloc.obj
 0002:000040b8       _CT??_R0?AVexception@std@@@8??0exception@std@@QEAA@AEBV01@@Z24 00000001800140b8     MSVCRTD:throw_bad_alloc.obj
 0002:000040e0       _TI3?AVbad_array_new_length@std@@ 00000001800140e0     MSVCRTD:throw_bad_alloc.obj
 0002:00004100       _CTA3?AVbad_array_new_length@std@@ 0000000180014100     MSVCRTD:throw_bad_alloc.obj
 0002:00004120       _CT??_R0?AVbad_array_new_length@std@@@8??0bad_array_new_length@std@@QEAA@AEBV01@@Z24 0000000180014120     MSVCRTD:throw_bad_alloc.obj
 0002:000045c4       __IMPORT_DESCRIPTOR_KERNEL32 00000001800145c4     Kernel32:KERNEL32.dll
 0002:000045d8       __IMPORT_DESCRIPTOR_VCRUNTIME140D 00000001800145d8     vcruntimed:VCRUNTIME140D.dll
 0002:000045ec       __IMPORT_DESCRIPTOR_VCRUNTIME140_1D 00000001800145ec     vcruntimed:VCRUNTIME140_1D.dll
 0002:00004600       __IMPORT_DESCRIPTOR_ucrtbased 0000000180014600     ucrtd:ucrtbased.dll
 0002:00004614       __NULL_IMPORT_DESCRIPTOR   0000000180014614     Kernel32:KERNEL32.dll
 0003:00000000       __scrt_native_dllmain_reason 0000000180015000     MSVCRTD:utility.obj
 0003:00000040       __security_cookie          0000000180015040     MSVCRTD:gs_cookie.obj
 0003:00000080       __security_cookie_complement 0000000180015080     MSVCRTD:gs_cookie.obj
 0003:00000088       _fltused                   0000000180015088     MSVCRTD:fltused.obj
 0003:00000090       __isa_inverted             0000000180015090     MSVCRTD:cpu_disp.obj
 0003:00000098       __isa_available            0000000180015098     MSVCRTD:cpu_disp.obj
 0003:0000009c       __isa_enabled              000000018001509c     MSVCRTD:cpu_disp.obj
 0003:000000a0       __memset_fast_string_threshold 00000001800150a0     MSVCRTD:cpu_disp.obj
 0003:000000a8       __memset_nt_threshold      00000001800150a8     MSVCRTD:cpu_disp.obj
 0003:000000b0       __scrt_ucrt_dll_is_in_use  00000001800150b0     MSVCRTD:ucrt_stubs.obj
 0003:000000b8       ??_R0?AVbad_alloc@std@@@8  00000001800150b8     MSVCRTD:throw_bad_alloc.obj
 0003:000000e0       ??_R0?AVexception@std@@@8  00000001800150e0     MSVCRTD:throw_bad_alloc.obj
 0003:00000108       ??_R0?AVbad_array_new_length@std@@@8 0000000180015108     MSVCRTD:throw_bad_alloc.obj
 0003:00000138       ??_R0?AVAntiCollision1D@kasiolib@@@8 0000000180015138     main.obj
 0003:00000168       ??_R0?AVAntiCollision2D@kasiolib@@@8 0000000180015168     main.obj
 0003:00000198       ??_R0?AVAntiCollisionC@kasiolib@@@8 0000000180015198     main.obj
 0003:000001c8       ??_R0?AVAntiBumping1DPimpl@@@8 00000001800151c8     Part.obj
 0003:000001f8       ??_R0?AVAntiBumping1D@@@8  00000001800151f8     Part.obj
 0003:00000220       ??_R0?AVAntiBumping2DPimpl@@@8 0000000180015220     Part.obj
 0003:00000250       ??_R0?AVAntiBumping2D@@@8  0000000180015250     Part.obj
 0003:00000278       ??_R0?AVAntiBumpingCirclePimpl@@@8 0000000180015278     Part.obj
 0003:000002a8       ??_R0?AVAntiBumpingCircle@@@8 00000001800152a8     Part.obj
 0003:000002d0       ??_R0?AVtype_info@@@8      00000001800152d0     MSVCRTD:std_type_info_static.obj
 0003:000002f8       ?_OptionsStorage@?1??__local_stdio_printf_options@@9@4_KA 00000001800152f8     KASIO.obj
 0003:00000300       ?m_bInitFailed@CAtlBaseModule@ATL@@2_NA 0000000180015300     KASIO.obj
 0003:00000308       __scrt_current_native_startup_state 0000000180015308     MSVCRTD:utility.obj
 0003:00000310       __scrt_native_startup_lock 0000000180015310     MSVCRTD:utility.obj
 0003:00000354       __avx10_version            0000000180015354     MSVCRTD:cpu_disp.obj
 0003:00000358       __favor                    0000000180015358     MSVCRTD:cpu_disp.obj
 0003:0000035c       __scrt_debugger_hook_flag  000000018001535c     MSVCRTD:utility_desktop.obj
 0003:000008d0       ?__type_info_root_node@@3U__type_info_node@@A 00000001800158d0     MSVCRTD:tncleanup.obj
 0003:000008e0       ?_OptionsStorage@?1??__local_stdio_scanf_options@@9@4_KA 00000001800158e0     MSVCRTD:default_local_stdio_options.obj
 0003:000008f0       ?_AtlBaseModule@ATL@@3VCAtlBaseModule@1@A 00000001800158f0     atls:atlbase.obj
 0003:00000950       __@@_PchSym_@00@UzUPdlipUBUhUrmgvinvwrzgvUexHoryhUhsrkUzgonuxUhixUzgoUzgohUzgohOexckilqUlyqiPiUznwGEUhgwzucOlyq@4B2008FD98C1DD4 0000000180015950     atls:stdafx.obj
 0003:00000958       __dyn_tls_init_callback    0000000180015958     <common>

 entry point at        0001:0000d320

 Static symbols

 0000:fffe7000       .debug$S                   0000000180000000     KASIO_V2.0.exp
 0000:fffe7000       .debug$S                   0000000180000000     ucrtd:ucrtbased.dll
 0000:fffe7000       .debug$S                   0000000180000000     ucrtd:ucrtbased.dll
 0000:fffe7000       .debug$S                   0000000180000000     ucrtd:ucrtbased.dll
 0000:fffe7000       .debug$S                   0000000180000000     ucrtd:ucrtbased.dll
 0000:fffe7000       .debug$S                   0000000180000000     ucrtd:ucrtbased.dll
 0000:fffe7000       .debug$S                   0000000180000000     ucrtd:ucrtbased.dll
 0000:fffe7000       .debug$S                   0000000180000000     ucrtd:ucrtbased.dll
 0000:fffe7000       .debug$S                   0000000180000000     ucrtd:ucrtbased.dll
 0000:fffe7000       .debug$S                   0000000180000000     ucrtd:ucrtbased.dll
 0000:fffe7000       .debug$S                   0000000180000000     ucrtd:ucrtbased.dll
 0000:fffe7000       .debug$S                   0000000180000000     ucrtd:ucrtbased.dll
 0000:fffe7000       .debug$S                   0000000180000000     ucrtd:ucrtbased.dll
 0000:fffe7000       .debug$S                   0000000180000000     ucrtd:ucrtbased.dll
 0000:fffe7000       .debug$S                   0000000180000000     ucrtd:ucrtbased.dll
 0000:fffe7000       .debug$S                   0000000180000000     ucrtd:ucrtbased.dll
 0000:fffe7000       .debug$S                   0000000180000000     ucrtd:ucrtbased.dll
 0000:fffe7000       .debug$S                   0000000180000000     ucrtd:ucrtbased.dll
 0000:fffe7000       .debug$S                   0000000180000000     ucrtd:ucrtbased.dll
 0000:fffe7000       .debug$S                   0000000180000000     ucrtd:ucrtbased.dll
 0000:fffe7000       .debug$S                   0000000180000000     ucrtd:ucrtbased.dll
 0000:fffe7000       .debug$S                   0000000180000000     ucrtd:ucrtbased.dll
 0000:fffe7000       .debug$S                   0000000180000000     ucrtd:ucrtbased.dll
 0000:fffe7000       .debug$S                   0000000180000000     ucrtd:ucrtbased.dll
 0000:fffe7000       .debug$S                   0000000180000000     ucrtd:ucrtbased.dll
 0000:fffe7000       .debug$S                   0000000180000000     ucrtd:ucrtbased.dll
 0000:fffe7000       .debug$S                   0000000180000000     ucrtd:ucrtbased.dll
 0000:fffe7000       .debug$S                   0000000180000000     ucrtd:ucrtbased.dll
 0000:fffe7000       .debug$S                   0000000180000000     ucrtd:ucrtbased.dll
 0000:fffe7000       .debug$S                   0000000180000000     ucrtd:ucrtbased.dll
 0000:fffe7000       .debug$S                   0000000180000000     ucrtd:ucrtbased.dll
 0000:fffe7000       .debug$S                   0000000180000000     ucrtd:ucrtbased.dll
 0000:fffe7000       .debug$S                   0000000180000000     ucrtd:ucrtbased.dll
 0000:fffe7000       .debug$S                   0000000180000000     ucrtd:ucrtbased.dll
 0000:fffe7000       .debug$S                   0000000180000000     ucrtd:ucrtbased.dll
 0000:fffe7000       .debug$S                   0000000180000000     ucrtd:ucrtbased.dll
 0000:fffe7000       .debug$S                   0000000180000000     ucrtd:ucrtbased.dll
 0000:fffe7000       .debug$S                   0000000180000000     ucrtd:ucrtbased.dll
 0000:fffe7000       .debug$S                   0000000180000000     ucrtd:ucrtbased.dll
 0000:fffe7000       .debug$S                   0000000180000000     ucrtd:ucrtbased.dll
 0000:fffe7000       .debug$S                   0000000180000000     Kernel32:KERNEL32.dll
 0000:fffe7000       .debug$S                   0000000180000000     Kernel32:KERNEL32.dll
 0000:fffe7000       .debug$S                   0000000180000000     Kernel32:KERNEL32.dll
 0000:fffe7000       .debug$S                   0000000180000000     Kernel32:KERNEL32.dll
 0000:fffe7000       .debug$S                   0000000180000000     Kernel32:KERNEL32.dll
 0000:fffe7000       .debug$S                   0000000180000000     Kernel32:KERNEL32.dll
 0000:fffe7000       .debug$S                   0000000180000000     Kernel32:KERNEL32.dll
 0000:fffe7000       .debug$S                   0000000180000000     Kernel32:KERNEL32.dll
 0000:fffe7000       .debug$S                   0000000180000000     Kernel32:KERNEL32.dll
 0000:fffe7000       .debug$S                   0000000180000000     Kernel32:KERNEL32.dll
 0000:fffe7000       .debug$S                   0000000180000000     Kernel32:KERNEL32.dll
 0000:fffe7000       .debug$S                   0000000180000000     Kernel32:KERNEL32.dll
 0000:fffe7000       .debug$S                   0000000180000000     Kernel32:KERNEL32.dll
 0000:fffe7000       .debug$S                   0000000180000000     Kernel32:KERNEL32.dll
 0000:fffe7000       .debug$S                   0000000180000000     Kernel32:KERNEL32.dll
 0000:fffe7000       .debug$S                   0000000180000000     Kernel32:KERNEL32.dll
 0000:fffe7000       .debug$S                   0000000180000000     Kernel32:KERNEL32.dll
 0000:fffe7000       .debug$S                   0000000180000000     Kernel32:KERNEL32.dll
 0000:fffe7000       .debug$S                   0000000180000000     Kernel32:KERNEL32.dll
 0000:fffe7000       .debug$S                   0000000180000000     Kernel32:KERNEL32.dll
 0000:fffe7000       .debug$S                   0000000180000000     Kernel32:KERNEL32.dll
 0000:fffe7000       .debug$S                   0000000180000000     Kernel32:KERNEL32.dll
 0000:fffe7000       .debug$S                   0000000180000000     Kernel32:KERNEL32.dll
 0000:fffe7000       .debug$S                   0000000180000000     Kernel32:KERNEL32.dll
 0000:fffe7000       .debug$S                   0000000180000000     Kernel32:KERNEL32.dll
 0000:fffe7000       .debug$S                   0000000180000000     user32:USER32.dll
 0002:ffff0000       .idata$6                   0000000180000000     user32:USER32.dll
 0000:fffe7000       .debug$S                   0000000180000000     msvcprtd:MSVCP140D.dll
 0000:fffe7000       .debug$S                   0000000180000000     msvcprtd:MSVCP140D.dll
 0000:fffe7000       .debug$S                   0000000180000000     msvcprtd:MSVCP140D.dll
 0000:fffe7000       .debug$S                   0000000180000000     msvcprtd:MSVCP140D.dll
 0000:fffe7000       .debug$S                   0000000180000000     msvcprtd:MSVCP140D.dll
 0000:fffe7000       .debug$S                   0000000180000000     msvcprtd:MSVCP140D.dll
 0000:fffe7000       .debug$S                   0000000180000000     msvcprtd:MSVCP140D.dll
 0002:ffff0000       .idata$6                   0000000180000000     msvcprtd:MSVCP140D.dll
 0000:fffe7000       .debug$S                   0000000180000000     vcruntimed:VCRUNTIME140D.dll
 0000:fffe7000       .debug$S                   0000000180000000     vcruntimed:VCRUNTIME140D.dll
 0000:fffe7000       .debug$S                   0000000180000000     vcruntimed:VCRUNTIME140D.dll
 0000:fffe7000       .debug$S                   0000000180000000     vcruntimed:VCRUNTIME140D.dll
 0000:fffe7000       .debug$S                   0000000180000000     vcruntimed:VCRUNTIME140D.dll
 0000:fffe7000       .debug$S                   0000000180000000     vcruntimed:VCRUNTIME140D.dll
 0000:fffe7000       .debug$S                   0000000180000000     vcruntimed:VCRUNTIME140D.dll
 0000:fffe7000       .debug$S                   0000000180000000     vcruntimed:VCRUNTIME140D.dll
 0000:fffe7000       .debug$S                   0000000180000000     vcruntimed:VCRUNTIME140D.dll
 0000:fffe7000       .debug$S                   0000000180000000     vcruntimed:VCRUNTIME140D.dll
 0000:fffe7000       .debug$S                   0000000180000000     vcruntimed:VCRUNTIME140D.dll
 0000:fffe7000       .debug$S                   0000000180000000     vcruntimed:VCRUNTIME140_1D.dll
 0001:00000000       ??__E_AtlBaseModule@ATL@@YAXXZ 0000000180001000 f   atls:atlbase.obj
 0001:0000c4a0       ?ArrayUnwindFilter@@YAHPEAU_EXCEPTION_POINTERS@@@Z 000000018000d4a0 f   MSVCRTD:ehvecdtr.obj
 0001:0000c6b0       ?find_pe_section@@YAPEAU_IMAGE_SECTION_HEADER@@QEAE_K@Z 000000018000d6b0 f   MSVCRTD:utility.obj
 0001:0000c790       ?is_potentially_valid_image_base@@YA_NQEAX@Z 000000018000d790 f   MSVCRTD:utility.obj
 0001:0000ce60       $$000000                   000000018000de60     MSVCRTD:chkstk.obj
 0001:0000cec0       $$000000                   000000018000dec0     MSVCRTD:amdsecgs.obj
 0001:0000cf10       ?dllmain_crt_dispatch@@YAHQEAUHINSTANCE__@@KQEAX@Z 000000018000df10 f   MSVCRTD:dll_dllmain.obj
 0001:0000cfa0       ?dllmain_crt_process_attach@@YAHQEAUHINSTANCE__@@QEAX@Z 000000018000dfa0 f   MSVCRTD:dll_dllmain.obj
 0001:0000d0e0       ?dllmain_crt_process_detach@@YAH_N@Z 000000018000e0e0 f   MSVCRTD:dll_dllmain.obj
 0001:0000d180       ?dllmain_dispatch@@YAHQEAUHINSTANCE__@@KQEAX@Z 000000018000e180 f   MSVCRTD:dll_dllmain.obj
 0001:0000d2c0       ?dllmain_raw@@YAHQEAUHINSTANCE__@@KQEAX@Z 000000018000e2c0 f   MSVCRTD:dll_dllmain.obj
 0001:0000df50       capture_previous_context   000000018000ef50 f   MSVCRTD:gs_report.obj
 0001:0000e010       __get_entropy              000000018000f010 f   MSVCRTD:gs_support.obj
 0001:0000e470       $$000000                   000000018000f470     MSVCRTD:guard_dispatch.obj
 0001:0000e490       $$000000                   000000018000f490     MSVCRTD:guard_xfg_dispatch.obj
 0001:0000e4b0       ?dtor$0@?0???0AntiBumping1D@@QEAA@XZ@4HA 000000018000f4b0 f   Part.obj
 0001:0000e4c8       ?dtor$1@?0???0AntiBumping1D@@QEAA@XZ@4HA 000000018000f4c8 f   Part.obj
 0001:0000e4e5       ?dtor$0@?0???0AntiBumping2D@@QEAA@XZ@4HA 000000018000f4e5 f   Part.obj
 0001:0000e4fd       ?dtor$1@?0???0AntiBumping2D@@QEAA@XZ@4HA 000000018000f4fd f   Part.obj
 0001:0000e51a       ?dtor$0@?0???0AntiBumpingCircle@@QEAA@XZ@4HA 000000018000f51a f   Part.obj
 0001:0000e532       ?dtor$1@?0???0AntiBumpingCircle@@QEAA@XZ@4HA 000000018000f532 f   Part.obj
 0001:0000e550       ?fin$0@?0???_M@YAXPEAX_K1P6AX0@Z@Z@4HA 000000018000f550 f   MSVCRTD:ehvecdtr.obj
 0001:0000e580       ?filt$0@?0??__ArrayUnwind@@YAXPEAX_K1P6AX0@Z@Z@4HA 000000018000f580 f   MSVCRTD:ehvecdtr.obj
 0001:0000e5b0       __scrt_is_nonwritable_in_current_image$filt$0 000000018000f5b0 f   MSVCRTD:utility.obj
 0001:0000e5f0       ?fin$0@?0??dllmain_crt_process_attach@@YAHQEAUHINSTANCE__@@QEAX@Z@4HA 000000018000f5f0 f   MSVCRTD:dll_dllmain.obj
 0001:0000e610       ?fin$0@?0??dllmain_crt_process_detach@@YAH_N@Z@4HA 000000018000f610 f   MSVCRTD:dll_dllmain.obj
 0001:0000e62b       ?fin$1@?0??dllmain_crt_process_detach@@YAH_N@Z@4HA 000000018000f62b f   MSVCRTD:dll_dllmain.obj
 0001:0000e650       ?filt$0@?0??dllmain_dispatch@@YAHQEAUHINSTANCE__@@KQEAX@Z@4HA 000000018000f650 f   MSVCRTD:dll_dllmain.obj
 0001:0000e6a0       ??__F_AtlBaseModule@ATL@@YAXXZ 000000018000f6a0 f   atls:atlbase.obj
 0002:00000220       ?_AtlBaseModule$initializer$@ATL@@3P6AXXZEA 0000000180010220     atls:atlbase.obj
 0002:00000370       $SG172067                  0000000180010370     KASIO.obj
 0002:000003b0       $SG237719                  00000001800103b0     KASIO.obj
 0002:00000418       $SG205665                  0000000180010418     KASIO.obj
 0002:00000440       $SG205666                  0000000180010440     KASIO.obj
 0002:00000450       $SG205667                  0000000180010450     KASIO.obj
 0002:0000052c       $SG238549                  000000018001052c     KASIO.obj
 0002:00000530       $SG238551                  0000000180010530     KASIO.obj
 0002:00000538       $SG238572                  0000000180010538     KASIO.obj
 0002:0000053c       $SG238578                  000000018001053c     KASIO.obj
 0002:00000540       $SG238580                  0000000180010540     KASIO.obj
 0002:00000548       $SG238741                  0000000180010548     KASIO.obj
 0002:0000054c       $SG238743                  000000018001054c     KASIO.obj
 0002:00000554       $SG238764                  0000000180010554     KASIO.obj
 0002:00000558       $SG238770                  0000000180010558     KASIO.obj
 0002:0000055c       $SG238772                  000000018001055c     KASIO.obj
 0002:00000564       $SG238869                  0000000180010564     KASIO.obj
 0002:0000056c       $SG238921                  000000018001056c     KASIO.obj
 0002:00000578       $SG247812                  0000000180010578     KASIO.obj
 0002:0000058c       $SG247813                  000000018001058c     KASIO.obj
 0002:00000590       $SG247814                  0000000180010590     KASIO.obj
 0002:00000600       $SG247815                  0000000180010600     KASIO.obj
 0002:000006cc       $SG247816                  00000001800106cc     KASIO.obj
 0002:000006d0       $SG247817                  00000001800106d0     KASIO.obj
 0002:000006f8       $SG191233                  00000001800106f8     KASIO.obj
 0002:00000718       $SG191306                  0000000180010718     KASIO.obj
 0002:00000730       $SG191355                  0000000180010730     KASIO.obj
 0002:00000748       $SG191404                  0000000180010748     KASIO.obj
 0002:00000770       $SG191453                  0000000180010770     KASIO.obj
 0002:00000798       $SG191502                  0000000180010798     KASIO.obj
 0002:000007c0       $SG191551                  00000001800107c0     KASIO.obj
 0002:000007e8       $SG191600                  00000001800107e8     KASIO.obj
 0002:00000808       $SG191649                  0000000180010808     KASIO.obj
 0002:00000830       $SG191698                  0000000180010830     KASIO.obj
 0002:00000858       $SG191747                  0000000180010858     KASIO.obj
 0002:00000878       $SG191796                  0000000180010878     KASIO.obj
 0002:00000898       $SG191845                  0000000180010898     KASIO.obj
 0002:000008c0       $SG191894                  00000001800108c0     KASIO.obj
 0002:000008e8       $SG191943                  00000001800108e8     KASIO.obj
 0002:00000908       $SG191992                  0000000180010908     KASIO.obj
 0002:00000928       $SG192041                  0000000180010928     KASIO.obj
 0002:00000948       $SG192090                  0000000180010948     KASIO.obj
 0002:00000968       $SG192139                  0000000180010968     KASIO.obj
 0002:00000980       $SG192144                  0000000180010980     KASIO.obj
 0002:000009a0       $SG192193                  00000001800109a0     KASIO.obj
 0002:000009c8       $SG192242                  00000001800109c8     KASIO.obj
 0002:000009e8       $SG192291                  00000001800109e8     KASIO.obj
 0002:00000a08       $SG169283                  0000000180010a08     KASIO.obj
 0002:00000a40       $SG226910                  0000000180010a40     KASIO.obj
 0002:00000a60       $SG226911                  0000000180010a60     KASIO.obj
 0002:00000a70       $SG226912                  0000000180010a70     KASIO.obj
 0002:00000ae0       $SG226913                  0000000180010ae0     KASIO.obj
 0002:00000bac       $SG226914                  0000000180010bac     KASIO.obj
 0002:00000bb0       $SG226915                  0000000180010bb0     KASIO.obj
 0002:00000bf8       $SG226976                  0000000180010bf8     KASIO.obj
 0002:00000c18       $SG226977                  0000000180010c18     KASIO.obj
 0002:00000c20       $SG226978                  0000000180010c20     KASIO.obj
 0002:00000c90       $SG226979                  0000000180010c90     KASIO.obj
 0002:00000d5c       $SG226980                  0000000180010d5c     KASIO.obj
 0002:00000d60       $SG226981                  0000000180010d60     KASIO.obj
 0002:00000da4       $SG227063                  0000000180010da4     KASIO.obj
 0002:00000da8       $SG227066                  0000000180010da8     KASIO.obj
 0002:00000db4       $SG227069                  0000000180010db4     KASIO.obj
 0002:00000db8       $SG227070                  0000000180010db8     KASIO.obj
 0002:00000dc4       $SG227132                  0000000180010dc4     KASIO.obj
 0002:00000dc8       $SG227135                  0000000180010dc8     KASIO.obj
 0002:00000dd4       $SG227138                  0000000180010dd4     KASIO.obj
 0002:00000dd8       $SG227139                  0000000180010dd8     KASIO.obj
 0002:00000de8       $SG227179                  0000000180010de8     KASIO.obj
 0002:00000e08       $SG227180                  0000000180010e08     KASIO.obj
 0002:00000e10       $SG227181                  0000000180010e10     KASIO.obj
 0002:00000e80       $SG227182                  0000000180010e80     KASIO.obj
 0002:00000f4c       $SG227183                  0000000180010f4c     KASIO.obj
 0002:00000f50       $SG227184                  0000000180010f50     KASIO.obj
 0002:00000f90       $SG227190                  0000000180010f90     KASIO.obj
 0002:00000f98       $SG227193                  0000000180010f98     KASIO.obj
 0002:00000fa4       $SG227196                  0000000180010fa4     KASIO.obj
 0002:00000fa8       $SG227197                  0000000180010fa8     KASIO.obj
 0002:00000fb8       $SG227238                  0000000180010fb8     KASIO.obj
 0002:00000fd8       $SG227239                  0000000180010fd8     KASIO.obj
 0002:00000fe0       $SG227240                  0000000180010fe0     KASIO.obj
 0002:00001050       $SG227241                  0000000180011050     KASIO.obj
 0002:0000111c       $SG227242                  000000018001111c     KASIO.obj
 0002:00001120       $SG227243                  0000000180011120     KASIO.obj
 0002:00001160       $SG227249                  0000000180011160     KASIO.obj
 0002:00001168       $SG227252                  0000000180011168     KASIO.obj
 0002:00001174       $SG227255                  0000000180011174     KASIO.obj
 0002:00001178       $SG227256                  0000000180011178     KASIO.obj
 0002:00001188       $SG227323                  0000000180011188     KASIO.obj
 0002:000011a8       $SG227324                  00000001800111a8     KASIO.obj
 0002:000011b0       $SG227325                  00000001800111b0     KASIO.obj
 0002:00001220       $SG227326                  0000000180011220     KASIO.obj
 0002:000012ec       $SG227327                  00000001800112ec     KASIO.obj
 0002:000012f0       $SG227328                  00000001800112f0     KASIO.obj
 0002:00001330       $SG227334                  0000000180011330     KASIO.obj
 0002:00001338       $SG227337                  0000000180011338     KASIO.obj
 0002:00001344       $SG227340                  0000000180011344     KASIO.obj
 0002:00001348       $SG227341                  0000000180011348     KASIO.obj
 0002:00001358       $SG227412                  0000000180011358     KASIO.obj
 0002:00001378       $SG227413                  0000000180011378     KASIO.obj
 0002:00001380       $SG227414                  0000000180011380     KASIO.obj
 0002:000013f0       $SG227415                  00000001800113f0     KASIO.obj
 0002:000014bc       $SG227416                  00000001800114bc     KASIO.obj
 0002:000014c0       $SG227417                  00000001800114c0     KASIO.obj
 0002:00001500       $SG227423                  0000000180011500     KASIO.obj
 0002:00001508       $SG227426                  0000000180011508     KASIO.obj
 0002:00001514       $SG227429                  0000000180011514     KASIO.obj
 0002:00001518       $SG227430                  0000000180011518     KASIO.obj
 0002:00001524       $SG203783                  0000000180011524     KASIO.obj
 0002:00001528       $SG203785                  0000000180011528     KASIO.obj
 0002:0000152c       $SG203787                  000000018001152c     KASIO.obj
 0002:00001530       $SG203789                  0000000180011530     KASIO.obj
 0002:00001538       $SG203791                  0000000180011538     KASIO.obj
 0002:00001540       $SG203793                  0000000180011540     KASIO.obj
 0002:00001558       $SG203795                  0000000180011558     KASIO.obj
 0002:00001570       $SG203797                  0000000180011570     KASIO.obj
 0002:00001580       $SG245403                  0000000180011580     KASIO.obj
 0002:00001588       $SG245446                  0000000180011588     KASIO.obj
 0002:00001590       $SG204495                  0000000180011590     KASIO.obj
 0002:000015a0       $SG204496                  00000001800115a0     KASIO.obj
 0002:000015b0       $SG204497                  00000001800115b0     KASIO.obj
 0002:000015e0       $SG204498                  00000001800115e0     KASIO.obj
 0002:000015f8       $SG204499                  00000001800115f8     KASIO.obj
 0002:00001610       $SG204500                  0000000180011610     KASIO.obj
 0002:00001628       $SG204501                  0000000180011628     KASIO.obj
 0002:00001638       $SG204502                  0000000180011638     KASIO.obj
 0002:00001640       $SG204503                  0000000180011640     KASIO.obj
 0002:00001658       $SG204504                  0000000180011658     KASIO.obj
 0002:00001668       $SG204505                  0000000180011668     KASIO.obj
 0002:00001680       $SG204506                  0000000180011680     KASIO.obj
 0002:00001690       $SG213069                  0000000180011690     Part.obj
 0002:00001710       $SG213070                  0000000180011710     Part.obj
 0002:0000173c       $SG249042                  000000018001173c     Part.obj
 0002:00001740       $SG205436                  0000000180011740     Part.obj
 0002:00001764       $SG228138                  0000000180011764     Part.obj
 0002:00001768       $SG205437                  0000000180011768     Part.obj
 0002:00001770       $SG205438                  0000000180011770     Part.obj
 0002:0000184c       $SG228204                  000000018001184c     Part.obj
 0002:00001850       $SG213743                  0000000180011850     Part.obj
 0002:000018d0       $SG213744                  00000001800118d0     Part.obj
 0002:000018fc       $SG246629                  00000001800118fc     Part.obj
 0002:00001904       $SG246672                  0000000180011904     Part.obj
 0002:00001910       $SG238945                  0000000180011910     Part.obj
 0002:00001978       $SG239775                  0000000180011978     Part.obj
 0002:0000197c       $SG239777                  000000018001197c     Part.obj
 0002:00001984       $SG239798                  0000000180011984     Part.obj
 0002:00001988       $SG239804                  0000000180011988     Part.obj
 0002:0000198c       $SG239806                  000000018001198c     Part.obj
 0002:00001994       $SG239967                  0000000180011994     Part.obj
 0002:00001998       $SG239969                  0000000180011998     Part.obj
 0002:000019a0       $SG239990                  00000001800119a0     Part.obj
 0002:000019a4       $SG239996                  00000001800119a4     Part.obj
 0002:000019a8       $SG239998                  00000001800119a8     Part.obj
 0002:000019b0       $SG240095                  00000001800119b0     Part.obj
 0002:000019b8       $SG240147                  00000001800119b8     Part.obj
 0002:000019c0       $SG191004                  00000001800119c0     Part.obj
 0002:000019e0       $SG191077                  00000001800119e0     Part.obj
 0002:000019f8       $SG191126                  00000001800119f8     Part.obj
 0002:00001a10       $SG191175                  0000000180011a10     Part.obj
 0002:00001a38       $SG191224                  0000000180011a38     Part.obj
 0002:00001a60       $SG191273                  0000000180011a60     Part.obj
 0002:00001a88       $SG191322                  0000000180011a88     Part.obj
 0002:00001ab0       $SG191371                  0000000180011ab0     Part.obj
 0002:00001ad0       $SG191420                  0000000180011ad0     Part.obj
 0002:00001af8       $SG191469                  0000000180011af8     Part.obj
 0002:00001b20       $SG191518                  0000000180011b20     Part.obj
 0002:00001b40       $SG191567                  0000000180011b40     Part.obj
 0002:00001b60       $SG191616                  0000000180011b60     Part.obj
 0002:00001b88       $SG191665                  0000000180011b88     Part.obj
 0002:00001bb0       $SG249038                  0000000180011bb0     Part.obj
 0002:00001bc4       $SG249039                  0000000180011bc4     Part.obj
 0002:00001bd0       $SG249040                  0000000180011bd0     Part.obj
 0002:00001c40       $SG249041                  0000000180011c40     Part.obj
 0002:00001d10       $SG249043                  0000000180011d10     Part.obj
 0002:00001d38       $SG191714                  0000000180011d38     Part.obj
 0002:00001d58       $SG191763                  0000000180011d58     Part.obj
 0002:00001d78       $SG191812                  0000000180011d78     Part.obj
 0002:00001d98       $SG191861                  0000000180011d98     Part.obj
 0002:00001db8       $SG191910                  0000000180011db8     Part.obj
 0002:00001dd0       $SG191915                  0000000180011dd0     Part.obj
 0002:00001df0       $SG191964                  0000000180011df0     Part.obj
 0002:00001e18       $SG192013                  0000000180011e18     Part.obj
 0002:00001e38       $SG192062                  0000000180011e38     Part.obj
 0002:00001e58       $SG169054                  0000000180011e58     Part.obj
 0002:00001e8c       $SG203554                  0000000180011e8c     Part.obj
 0002:00001e90       $SG203556                  0000000180011e90     Part.obj
 0002:00001e98       $SG228134                  0000000180011e98     Part.obj
 0002:00001eb8       $SG203558                  0000000180011eb8     Part.obj
 0002:00001ebc       $SG228135                  0000000180011ebc     Part.obj
 0002:00001ec0       $SG228136                  0000000180011ec0     Part.obj
 0002:00001f28       $SG203560                  0000000180011f28     Part.obj
 0002:00001f30       $SG228137                  0000000180011f30     Part.obj
 0002:00002000       $SG203562                  0000000180012000     Part.obj
 0002:00002010       $SG228139                  0000000180012010     Part.obj
 0002:00002058       $SG203564                  0000000180012058     Part.obj
 0002:00002070       $SG203566                  0000000180012070     Part.obj
 0002:00002088       $SG203568                  0000000180012088     Part.obj
 0002:00002098       $SG228200                  0000000180012098     Part.obj
 0002:000020b8       $SG228201                  00000001800120b8     Part.obj
 0002:000020c0       $SG228202                  00000001800120c0     Part.obj
 0002:00002130       $SG228203                  0000000180012130     Part.obj
 0002:00002200       $SG228205                  0000000180012200     Part.obj
 0002:00002244       $SG228287                  0000000180012244     Part.obj
 0002:00002248       $SG228290                  0000000180012248     Part.obj
 0002:00002254       $SG228293                  0000000180012254     Part.obj
 0002:00002258       $SG228294                  0000000180012258     Part.obj
 0002:00002264       $SG228356                  0000000180012264     Part.obj
 0002:00002268       $SG228359                  0000000180012268     Part.obj
 0002:00002274       $SG228362                  0000000180012274     Part.obj
 0002:00002278       $SG228363                  0000000180012278     Part.obj
 0002:00002288       $SG228403                  0000000180012288     Part.obj
 0002:000022a8       $SG228404                  00000001800122a8     Part.obj
 0002:000022b0       $SG228405                  00000001800122b0     Part.obj
 0002:00002320       $SG228406                  0000000180012320     Part.obj
 0002:000023ec       $SG228407                  00000001800123ec     Part.obj
 0002:000023f0       $SG228408                  00000001800123f0     Part.obj
 0002:00002430       $SG228414                  0000000180012430     Part.obj
 0002:00002438       $SG228417                  0000000180012438     Part.obj
 0002:00002444       $SG228420                  0000000180012444     Part.obj
 0002:00002448       $SG228421                  0000000180012448     Part.obj
 0002:00002458       $SG228462                  0000000180012458     Part.obj
 0002:00002478       $SG228463                  0000000180012478     Part.obj
 0002:00002480       $SG228464                  0000000180012480     Part.obj
 0002:000024f0       $SG228465                  00000001800124f0     Part.obj
 0002:000025bc       $SG228466                  00000001800125bc     Part.obj
 0002:000025c0       $SG228467                  00000001800125c0     Part.obj
 0002:00002600       $SG228473                  0000000180012600     Part.obj
 0002:00002608       $SG228476                  0000000180012608     Part.obj
 0002:00002614       $SG228479                  0000000180012614     Part.obj
 0002:00002618       $SG228480                  0000000180012618     Part.obj
 0002:00002628       $SG228547                  0000000180012628     Part.obj
 0002:00002648       $SG228548                  0000000180012648     Part.obj
 0002:00002650       $SG228549                  0000000180012650     Part.obj
 0002:000026c0       $SG228550                  00000001800126c0     Part.obj
 0002:0000278c       $SG228551                  000000018001278c     Part.obj
 0002:00002790       $SG228552                  0000000180012790     Part.obj
 0002:000027d0       $SG228558                  00000001800127d0     Part.obj
 0002:000027d8       $SG228561                  00000001800127d8     Part.obj
 0002:000027e4       $SG228564                  00000001800127e4     Part.obj
 0002:000027e8       $SG228565                  00000001800127e8     Part.obj
 0002:000027f8       $SG228636                  00000001800127f8     Part.obj
 0002:00002818       $SG228637                  0000000180012818     Part.obj
 0002:00002820       $SG228638                  0000000180012820     Part.obj
 0002:00002890       $SG228639                  0000000180012890     Part.obj
 0002:0000295c       $SG228640                  000000018001295c     Part.obj
 0002:00002960       $SG228641                  0000000180012960     Part.obj
 0002:000029a0       $SG228647                  00000001800129a0     Part.obj
 0002:000029a8       $SG228650                  00000001800129a8     Part.obj
 0002:000029b4       $SG228653                  00000001800129b4     Part.obj
 0002:000029b8       $SG228654                  00000001800129b8     Part.obj
 0002:000029c8       $SG204266                  00000001800129c8     Part.obj
 0002:000029d8       $SG204267                  00000001800129d8     Part.obj
 0002:000029e8       $SG204268                  00000001800129e8     Part.obj
 0002:00002a18       $SG204269                  0000000180012a18     Part.obj
 0002:00002a30       $SG204270                  0000000180012a30     Part.obj
 0002:00002a48       $SG204271                  0000000180012a48     Part.obj
 0002:00002a60       $SG204272                  0000000180012a60     Part.obj
 0002:00002a70       $SG204273                  0000000180012a70     Part.obj
 0002:00002a78       $SG204274                  0000000180012a78     Part.obj
 0002:00002a90       $SG204275                  0000000180012a90     Part.obj
 0002:00002aa0       $SG204276                  0000000180012aa0     Part.obj
 0002:00002ab8       $SG204277                  0000000180012ab8     Part.obj
 0002:00002ac8       $SG171838                  0000000180012ac8     Part.obj
 0002:00002b00       $SG212948                  0000000180012b00     Part.obj
 0002:00002b80       $SG212949                  0000000180012b80     Part.obj
 0002:00002df0       GS_ExceptionPointers       0000000180012df0     MSVCRTD:gs_report.obj
 0002:00003ac8       $unwind$??_EAntiCollision1D@kasiolib@@UEAAPEAXI@Z 0000000180013ac8     main.obj
[...]
 0002:00003ca4       $unwind$?Axis1CanMoveLR@AntiBumping2D@@AEAAHN@Z 0000000180013ca4     Part.obj
 0002:00003cac       $unwind$?Axis1CanMoveLL@AntiBumping2D@@AEAAHN@Z 0000000180013cac     Part.obj
 0002:00003cb4       $unwind$?Axis2CanMoveRR@AntiBumping2D@@AEAAHN@Z 0000000180013cb4     Part.obj
 0002:00003cbc       $unwind$?Axis2CanMoveRL@AntiBumping2D@@AEAAHN@Z 0000000180013cbc     Part.obj
 0002:00003cc4       $unwind$?Axis2CanMoveLR@AntiBumping2D@@AEAAHN@Z 0000000180013cc4     Part.obj
 0002:00003ccc       $unwind$?Axis2CanMoveLL@AntiBumping2D@@AEAAHN@Z 0000000180013ccc     Part.obj
 0002:00003cd4       $unwind$?Axis1JogFwdRR@AntiBumping2D@@AEAAHAEAN@Z 0000000180013cd4     Part.obj
 0002:00003cdc       $unwind$?Axis1JogBwdRR@AntiBumping2D@@AEAAHAEAN@Z 0000000180013cdc     Part.obj
 0002:00003ce4       $unwind$?Axis1JogFwdRL@AntiBumping2D@@AEAAHAEAN@Z 0000000180013ce4     Part.obj
 0002:00003cec       $unwind$?Axis1JogBwdRL@AntiBumping2D@@AEAAHAEAN@Z 0000000180013cec     Part.obj
 0002:00003cf4       $unwind$?Axis1JogFwdLR@AntiBumping2D@@AEAAHAEAN@Z 0000000180013cf4     Part.obj
 0002:00003cfc       $unwind$?Axis1JogBwdLR@AntiBumping2D@@AEAAHAEAN@Z 0000000180013cfc     Part.obj
 0002:00003d04       $unwind$?Axis1JogFwdLL@AntiBumping2D@@AEAAHAEAN@Z 0000000180013d04     Part.obj
 0002:00003d0c       $unwind$?Axis1JogBwdLL@AntiBumping2D@@AEAAHAEAN@Z 0000000180013d0c     Part.obj
 0002:00003d14       $unwind$?Axis2JogFwdRR@AntiBumping2D@@AEAAHAEAN@Z 0000000180013d14     Part.obj
 0002:00003d1c       $unwind$?Axis2JogBwdRR@AntiBumping2D@@AEAAHAEAN@Z 0000000180013d1c     Part.obj
 0002:00003d24       $unwind$?Axis2JogFwdRL@AntiBumping2D@@AEAAHAEAN@Z 0000000180013d24     Part.obj
 0002:00003d2c       $unwind$?Axis2JogBwdRL@AntiBumping2D@@AEAAHAEAN@Z 0000000180013d2c     Part.obj
 0002:00003d34       $unwind$?Axis2JogFwdLR@AntiBumping2D@@AEAAHAEAN@Z 0000000180013d34     Part.obj
 0002:00003d3c       $unwind$?Axis2JogBwdLR@AntiBumping2D@@AEAAHAEAN@Z 0000000180013d3c     Part.obj
 0002:00003d44       $unwind$?Axis2JogFwdLL@AntiBumping2D@@AEAAHAEAN@Z 0000000180013d44     Part.obj
 0002:00003d4c       $unwind$?Axis2JogBwdLL@AntiBumping2D@@AEAAHAEAN@Z 0000000180013d4c     Part.obj
 0002:00003d54       $unwind$?Update@AntiBumping2D@@UEAAHH@Z 0000000180013d54     Part.obj
 0002:00003d5c       $unwind$?Axis1RMove@AntiBumping2D@@UEAAHNAEAN@Z 0000000180013d5c     Part.obj
 0002:00003d64       $unwind$?Axis2RMove@AntiBumping2D@@UEAAHNAEAN@Z 0000000180013d64     Part.obj
 0002:00003d6c       $unwind$?Axis1JogFwd@AntiBumping2D@@UEAAHAEAN@Z 0000000180013d6c     Part.obj
 0002:00003d74       $unwind$?Axis1JogBwd@AntiBumping2D@@UEAAHAEAN@Z 0000000180013d74     Part.obj
 0002:00003d7c       $unwind$?Axis2JogFwd@AntiBumping2D@@UEAAHAEAN@Z 0000000180013d7c     Part.obj
 0002:00003d84       $unwind$?Axis2JogBwd@AntiBumping2D@@UEAAHAEAN@Z 0000000180013d84     Part.obj
 0002:00003d8c       $unwind$?Axis1CanMove@AntiBumping2D@@UEAAHN@Z 0000000180013d8c     Part.obj
 0002:00003d94       $unwind$?Axis2CanMove@AntiBumping2D@@UEAAHN@Z 0000000180013d94     Part.obj
 0002:00003d9c       $unwind$??0AntiBumping2D@@QEAA@XZ 0000000180013d9c     Part.obj
 0002:00003dac       $cppxdata$??0AntiBumping2D@@QEAA@XZ 0000000180013dac     Part.obj
 0002:00003db5       $stateUnwindMap$??0AntiBumping2D@@QEAA@XZ 0000000180013db5     Part.obj
 0002:00003dc0       $ip2state$??0AntiBumping2D@@QEAA@XZ 0000000180013dc0     Part.obj
 0002:00003dcc       $unwind$?dtor$0@?0???0AntiBumping2D@@QEAA@XZ@4HA 0000000180013dcc     Part.obj
 0002:00003dd4       $unwind$?dtor$1@?0???0AntiBumping2D@@QEAA@XZ@4HA 0000000180013dd4     Part.obj
 0002:00003ddc       $unwind$??1AntiBumping2D@@UEAA@XZ 0000000180013ddc     Part.obj
 0002:00003de4       $unwind$?Update@AntiBumpingCircle@@UEAAHXZ 0000000180013de4     Part.obj
 0002:00003df0       $unwind$?CanMoveX@AntiBumpingCircle@@UEAAHN@Z 0000000180013df0     Part.obj
 0002:00003df8       $unwind$?CanMoveY@AntiBumpingCircle@@UEAAHN@Z 0000000180013df8     Part.obj
 0002:00003e00       $unwind$?InterpolationCanMoveXY@AntiBumpingCircle@@UEAAHNN@Z 0000000180013e00     Part.obj
 0002:00003e0c       $unwind$?RMoveX@AntiBumpingCircle@@UEAAHNAEAN@Z 0000000180013e0c     Part.obj
 0002:00003e14       $unwind$?RMoveY@AntiBumpingCircle@@UEAAHNAEAN@Z 0000000180013e14     Part.obj
 0002:00003e1c       $unwind$?JogFwdX@AntiBumpingCircle@@UEAAHAEAN@Z 0000000180013e1c     Part.obj
 0002:00003e24       $unwind$?JogBwdX@AntiBumpingCircle@@UEAAHAEAN@Z 0000000180013e24     Part.obj
 0002:00003e2c       $unwind$?JogFwdY@AntiBumpingCircle@@UEAAHAEAN@Z 0000000180013e2c     Part.obj
 0002:00003e34       $unwind$?JogBwdY@AntiBumpingCircle@@UEAAHAEAN@Z 0000000180013e34     Part.obj
 0002:00003e3c       $unwind$??0AntiBumpingCircle@@QEAA@XZ 0000000180013e3c     Part.obj
 0002:00003e4c       $cppxdata$??0AntiBumpingCircle@@QEAA@XZ 0000000180013e4c     Part.obj
 0002:00003e55       $stateUnwindMap$??0AntiBumpingCircle@@QEAA@XZ 0000000180013e55     Part.obj
 0002:00003e60       $ip2state$??0AntiBumpingCircle@@QEAA@XZ 0000000180013e60     Part.obj
 0002:00003e6c       $unwind$?dtor$0@?0???0AntiBumpingCircle@@QEAA@XZ@4HA 0000000180013e6c     Part.obj
 0002:00003e74       $unwind$?dtor$1@?0???0AntiBumpingCircle@@QEAA@XZ@4HA 0000000180013e74     Part.obj
 0002:00003e7c       $unwind$??1AntiBumpingCircle@@UEAA@XZ 0000000180013e7c     Part.obj
 0002:00003e84       $unwind$??_GAntiBumping1D@@UEAAPEAXI@Z 0000000180013e84     Part.obj
 0002:00003e84       $unwind$??_GAntiBumping1DPimpl@@UEAAPEAXI@Z 0000000180013e84     Part.obj
 0002:00003e84       $unwind$??_GAntiBumping2D@@UEAAPEAXI@Z 0000000180013e84     Part.obj
 0002:00003e84       $unwind$??_GAntiBumping2DPimpl@@UEAAPEAXI@Z 0000000180013e84     Part.obj
 0002:00003e84       $unwind$??_GAntiBumpingCircle@@UEAAPEAXI@Z 0000000180013e84     Part.obj
 0002:00003e84       $unwind$??_GAntiBumpingCirclePimpl@@UEAAPEAXI@Z 0000000180013e84     Part.obj
 0002:00003e84       $unwind$??_Gtype_info@@UEAAPEAXI@Z 0000000180013e84     MSVCRTD:std_type_info_static.obj
 0002:00003e84       $unwind$??_Gbad_alloc@std@@UEAAPEAXI@Z 0000000180013e84     MSVCRTD:throw_bad_alloc.obj
 0002:00003e84       $unwind$??_Gbad_array_new_length@std@@UEAAPEAXI@Z 0000000180013e84     MSVCRTD:throw_bad_alloc.obj
 0002:00003e84       $unwind$??_Gexception@std@@UEAAPEAXI@Z 0000000180013e84     MSVCRTD:throw_bad_alloc.obj
 0002:00003e8c       $unwind$??_M@YAXPEAX_K1P6AX0@Z@Z 0000000180013e8c     MSVCRTD:ehvecdtr.obj
 0002:00003eac       $unwind$?fin$0@?0??dllmain_crt_process_attach@@YAHQEAUHINSTANCE__@@QEAX@Z@4HA 0000000180013eac     MSVCRTD:dll_dllmain.obj
 0002:00003eac       $unwind$?fin$0@?0??dllmain_crt_process_detach@@YAH_N@Z@4HA 0000000180013eac     MSVCRTD:dll_dllmain.obj
 0002:00003eac       $unwind$?fin$1@?0??dllmain_crt_process_detach@@YAH_N@Z@4HA 0000000180013eac     MSVCRTD:dll_dllmain.obj
 0002:00003eac       $unwind$?filt$0@?0??__ArrayUnwind@@YAXPEAX_K1P6AX0@Z@Z@4HA 0000000180013eac     MSVCRTD:ehvecdtr.obj
 0002:00003eac       $unwind$?fin$0@?0???_M@YAXPEAX_K1P6AX0@Z@Z@4HA 0000000180013eac     MSVCRTD:ehvecdtr.obj
 0002:00003eac       $unwind$__scrt_is_nonwritable_in_current_image$filt$0 0000000180013eac     MSVCRTD:utility.obj
 0002:00003eb4       $unwind$?__ArrayUnwind@@YAXPEAX_K1P6AX0@Z@Z 0000000180013eb4     MSVCRTD:ehvecdtr.obj
 0002:00003ed4       $unwind$?ArrayUnwindFilter@@YAHPEAU_EXCEPTION_POINTERS@@@Z 0000000180013ed4     MSVCRTD:ehvecdtr.obj
 0002:00003ed4       $unwind$_onexit            0000000180013ed4     MSVCRTD:utility.obj
 0002:00003edc       $unwind$__report_gsfailure 0000000180013edc     MSVCRTD:gs_report.obj
 0002:00003edc       $unwind$??2@YAPEAX_K@Z     0000000180013edc     MSVCRTD:new_scalar.obj
 0002:00003edc       $unwind$atexit             0000000180013edc     MSVCRTD:utility.obj
 0002:00003ee4       $unwind$__scrt_is_nonwritable_in_current_image 0000000180013ee4     MSVCRTD:utility.obj
 0002:00003f04       $unwind$?__scrt_throw_std_bad_alloc@@YAXXZ 0000000180013f04     MSVCRTD:throw_bad_alloc.obj
 0002:00003f04       $unwind$?__scrt_throw_std_bad_array_new_length@@YAXXZ 0000000180013f04     MSVCRTD:throw_bad_alloc.obj
 0002:00003f04       $unwind$__scrt_acquire_startup_lock 0000000180013f04     MSVCRTD:utility.obj
 0002:00003f0c       $unwind$__scrt_initialize_crt 0000000180013f0c     MSVCRTD:utility.obj
 0002:00003f0c       $unwind$__scrt_release_startup_lock 0000000180013f0c     MSVCRTD:utility.obj
 0002:00003f14       $unwind$__scrt_uninitialize_crt 0000000180013f14     MSVCRTD:utility.obj
 0002:00003f1c       $unwind$__scrt_initialize_onexit_tables 0000000180013f1c     MSVCRTD:utility.obj
 0002:00003f28       $unwind$__scrt_dllmain_exception_filter 0000000180013f28     MSVCRTD:utility.obj
 0002:00003f30       $unwind$??__E_AtlBaseModule@ATL@@YAXXZ 0000000180013f30     atls:atlbase.obj
 0002:00003f30       $unwind$?__scrt_initialize_type_info@@YAXXZ 0000000180013f30     MSVCRTD:tncleanup.obj
 0002:00003f30       $unwind$?__scrt_uninitialize_type_info@@YAXXZ 0000000180013f30     MSVCRTD:tncleanup.obj
 0002:00003f30       $unwind$?configure_argv@__scrt_narrow_argv_policy@@SAHXZ 0000000180013f30     MSVCRTD:utility.obj
 0002:00003f30       $unwind$?initialize_environment@__scrt_narrow_environment_policy@@SAHXZ 0000000180013f30     MSVCRTD:utility.obj
 0002:00003f30       $unwind$__scrt_dllmain_after_initialize_c 0000000180013f30     MSVCRTD:utility.obj
 0002:00003f30       $unwind$__scrt_dllmain_before_initialize_c 0000000180013f30     MSVCRTD:utility.obj
 0002:00003f30       $unwind$__scrt_dllmain_crt_thread_attach 0000000180013f30     MSVCRTD:utility.obj
 0002:00003f30       $unwind$__scrt_dllmain_crt_thread_detach 0000000180013f30     MSVCRTD:utility.obj
 0002:00003f30       $unwind$__scrt_dllmain_uninitialize_c 0000000180013f30     MSVCRTD:utility.obj
 0002:00003f30       $unwind$__scrt_dllmain_uninitialize_critical 0000000180013f30     MSVCRTD:utility.obj
 0002:00003f38       $unwind$??_V@YAXPEAX@Z     0000000180013f38     MSVCRTD:delete_array.obj
 0002:00003f38       $unwind$??3@YAXPEAX@Z      0000000180013f38     MSVCRTD:delete_scalar.obj
 0002:00003f38       $unwind$__raise_securityfailure 0000000180013f38     MSVCRTD:gs_report.obj
 0002:00003f38       $unwind$??0bad_alloc@std@@QEAA@XZ 0000000180013f38     MSVCRTD:throw_bad_alloc.obj
 0002:00003f38       $unwind$??0bad_array_new_length@std@@QEAA@XZ 0000000180013f38     MSVCRTD:throw_bad_alloc.obj
 0002:00003f38       $unwind$??1bad_alloc@std@@UEAA@XZ 0000000180013f38     MSVCRTD:throw_bad_alloc.obj
 0002:00003f38       $unwind$??1bad_array_new_length@std@@UEAA@XZ 0000000180013f38     MSVCRTD:throw_bad_alloc.obj
 0002:00003f38       $unwind$??1exception@std@@UEAA@XZ 0000000180013f38     MSVCRTD:throw_bad_alloc.obj
 0002:00003f38       $unwind$?is_potentially_valid_image_base@@YA_NQEAX@Z 0000000180013f38     MSVCRTD:utility.obj
 0002:00003f40       $unwind$__GSHandlerCheckCommon 0000000180013f40     MSVCRTD:gshandler.obj
 0002:00003f48       $unwind$__GSHandlerCheck   0000000180013f48     MSVCRTD:gshandler.obj
 0002:00003f50       $xdatasym                  0000000180013f50     MSVCRTD:chkstk.obj
 0002:00003f58       $xdatasym                  0000000180013f58     MSVCRTD:amdsecgs.obj
 0002:00003f5c       $unwind$?dllmain_crt_process_attach@@YAHQEAUHINSTANCE__@@QEAX@Z 0000000180013f5c     MSVCRTD:dll_dllmain.obj
 0002:00003f7c       $unwind$?dllmain_crt_process_detach@@YAH_N@Z 0000000180013f7c     MSVCRTD:dll_dllmain.obj
 0002:00003fac       $unwind$?dllmain_crt_dispatch@@YAHQEAUHINSTANCE__@@KQEAX@Z 0000000180013fac     MSVCRTD:dll_dllmain.obj
 0002:00003fac       $unwind$?dllmain_raw@@YAHQEAUHINSTANCE__@@KQEAX@Z 0000000180013fac     MSVCRTD:dll_dllmain.obj
 0002:00003fb4       $unwind$?dllmain_dispatch@@YAHQEAUHINSTANCE__@@KQEAX@Z 0000000180013fb4     MSVCRTD:dll_dllmain.obj
 0002:00003fd4       $unwind$?filt$0@?0??dllmain_dispatch@@YAHQEAUHINSTANCE__@@KQEAX@Z@4HA 0000000180013fd4     MSVCRTD:dll_dllmain.obj
 0002:00003fdc       $unwind$??0exception@std@@QEAA@QEBDH@Z 0000000180013fdc     MSVCRTD:throw_bad_alloc.obj
 0002:00003fe4       $unwind$??0exception@std@@QEAA@AEBV01@@Z 0000000180013fe4     MSVCRTD:throw_bad_alloc.obj
 0002:00003fec       $unwind$?what@exception@std@@UEBAPEBDXZ 0000000180013fec     MSVCRTD:throw_bad_alloc.obj
 0002:00003ff4       $unwind$__isa_available_init 0000000180013ff4     MSVCRTD:cpu_disp.obj
 0002:00004004       $unwind$__scrt_is_ucrt_dll_in_use 0000000180014004     MSVCRTD:ucrt_detection.obj
 0002:0000400c       $unwind$__scrt_fastfail    000000018001400c     MSVCRTD:utility_desktop.obj
 0002:00004018       $unwind$capture_previous_context 0000000180014018     MSVCRTD:gs_report.obj
 0002:00004020       $unwind$__scrt_initialize_default_local_stdio_options 0000000180014020     MSVCRTD:default_local_stdio_options.obj
 0002:00004020       $unwind$__security_init_cookie 0000000180014020     MSVCRTD:gs_support.obj
 0002:00004028       $unwind$__get_entropy      0000000180014028     MSVCRTD:gs_support.obj
 0002:00004030       $unwind$??0CAtlBaseModule@ATL@@QEAA@XZ 0000000180014030     atls:atlbase.obj
 0002:00004030       $unwind$_RTC_Initialize    0000000180014030     MSVCRTD:initsect.obj
 0002:00004030       $unwind$_RTC_Terminate     0000000180014030     MSVCRTD:initsect.obj
 0002:00004040       $xdatasym                  0000000180014040     MSVCRTD:guard_dispatch.obj
 0002:00004048       $xdatasym                  0000000180014048     MSVCRTD:guard_xfg_dispatch.obj
 0002:0000404c       $unwind$??1CAtlBaseModule@ATL@@QEAA@XZ 000000018001404c     atls:atlbase.obj
 0002:00004150       .edata                     0000000180014150     KASIO_V2.0.exp
 0002:00004178       rgpv                       0000000180014178     KASIO_V2.0.exp
 0002:000041e0       rgszName                   00000001800141e0     KASIO_V2.0.exp
 0002:00004248       rgwOrd                     0000000180014248     KASIO_V2.0.exp
 0002:0000427c       szName                     000000018001427c     KASIO_V2.0.exp
 0002:0000428b       $N00001                    000000018001428b     KASIO_V2.0.exp
 0002:000042b7       $N00002                    00000001800142b7     KASIO_V2.0.exp
 0002:000042dc       $N00003                    00000001800142dc     KASIO_V2.0.exp
 0002:00004308       $N00004                    0000000180014308     KASIO_V2.0.exp
 0002:0000432d       $N00005                    000000018001432d     KASIO_V2.0.exp
 0002:00004358       $N00006                    0000000180014358     KASIO_V2.0.exp
 0002:0000437c       $N00007                    000000018001437c     KASIO_V2.0.exp
 0002:000043a1       $N00008                    00000001800143a1     KASIO_V2.0.exp
 0002:000043c6       $N00009                    00000001800143c6     KASIO_V2.0.exp
 0002:000043ea       $N00010                    00000001800143ea     KASIO_V2.0.exp
 0002:0000441c       $N00011                    000000018001441c     KASIO_V2.0.exp
 0002:0000444e       $N00012                    000000018001444e     KASIO_V2.0.exp
 0002:0000447f       $N00013                    000000018001447f     KASIO_V2.0.exp
 0002:000044a1       $N00014                    00000001800144a1     KASIO_V2.0.exp
 0002:000044c3       $N00015                    00000001800144c3     KASIO_V2.0.exp
 0002:000044e4       $N00016                    00000001800144e4     KASIO_V2.0.exp
 0002:000044fa       $N00017                    00000001800144fa     KASIO_V2.0.exp
 0002:00004510       $N00018                    0000000180014510     KASIO_V2.0.exp
 0002:00004525       $N00019                    0000000180014525     KASIO_V2.0.exp
 0002:0000453c       $N00020                    000000018001453c     KASIO_V2.0.exp
 0002:00004553       $N00021                    0000000180014553     KASIO_V2.0.exp
 0002:00004569       $N00022                    0000000180014569     KASIO_V2.0.exp
 0002:0000457b       $N00023                    000000018001457b     KASIO_V2.0.exp
 0002:0000458f       $N00024                    000000018001458f     KASIO_V2.0.exp
 0002:000045a0       $N00025                    00000001800145a0     KASIO_V2.0.exp
 0002:000045b1       $N00026                    00000001800145b1     KASIO_V2.0.exp
 0002:0000484e       .idata$6                   000000018001484e     Kernel32:KERNEL32.dll
 0002:00004946       .idata$6                   0000000180014946     vcruntimed:VCRUNTIME140D.dll
 0002:00004958       .idata$6                   0000000180014958     vcruntimed:VCRUNTIME140_1D.dll
 0002:00004ad2       .idata$6                   0000000180014ad2     ucrtd:ucrtbased.dll
 0003:000002f0       ?g_hModule@@3PEAUHINSTANCE__@@EA 00000001800152f0     main.obj
 0003:00000318       ?is_initialized_as_dll@@3_NA 0000000180015318     MSVCRTD:utility.obj
 0003:00000319       ?module_local_atexit_table_initialized@@3_NA 0000000180015319     MSVCRTD:utility.obj
 0003:00000320       ?module_local_atexit_table@@3U_onexit_table_t@@A 0000000180015320     MSVCRTD:utility.obj
 0003:00000338       ?module_local_at_quick_exit_table@@3U_onexit_table_t@@A 0000000180015338     MSVCRTD:utility.obj
 0003:00000350       ?__proc_attached@@3HA      0000000180015350     MSVCRTD:dll_dllmain.obj
 0003:00000360       GS_ExceptionRecord         0000000180015360     MSVCRTD:gs_report.obj
 0003:00000400       GS_ContextRecord           0000000180015400     MSVCRTD:gs_report.obj
 0005:00000060       $R000000                   0000000180017060     * linker generated manifest res *

 Exports

  ordinal    name

        1    ??0AntiCollision1D@kasiolib@@QEAA@AEBV01@@Z (public: __cdecl kasiolib::AntiCollision1D::AntiCollision1D(class kasiolib::AntiCollision1D const &))
        2    ??0AntiCollision1D@kasiolib@@QEAA@XZ (public: __cdecl kasiolib::AntiCollision1D::AntiCollision1D(void))
        3    ??0AntiCollision2D@kasiolib@@QEAA@AEBV01@@Z (public: __cdecl kasiolib::AntiCollision2D::AntiCollision2D(class kasiolib::AntiCollision2D const &))
        4    ??0AntiCollision2D@kasiolib@@QEAA@XZ (public: __cdecl kasiolib::AntiCollision2D::AntiCollision2D(void))
        5    ??0AntiCollisionC@kasiolib@@QEAA@AEBV01@@Z (public: __cdecl kasiolib::AntiCollisionC::AntiCollisionC(class kasiolib::AntiCollisionC const &))
        6    ??0AntiCollisionC@kasiolib@@QEAA@XZ (public: __cdecl kasiolib::AntiCollisionC::AntiCollisionC(void))
        7    ??1AntiCollision1D@kasiolib@@UEAA@XZ (public: virtual __cdecl kasiolib::AntiCollision1D::~AntiCollision1D(void))
        8    ??1AntiCollision2D@kasiolib@@UEAA@XZ (public: virtual __cdecl kasiolib::AntiCollision2D::~AntiCollision2D(void))
        9    ??1AntiCollisionC@kasiolib@@UEAA@XZ (public: virtual __cdecl kasiolib::AntiCollisionC::~AntiCollisionC(void))
       10    ??4AntiCollision1D@kasiolib@@QEAAAEAV01@AEBV01@@Z (public: class kasiolib::AntiCollision1D & __cdecl kasiolib::AntiCollision1D::operator=(class kasiolib::AntiCollision1D const &))
       11    ??4AntiCollision2D@kasiolib@@QEAAAEAV01@AEBV01@@Z (public: class kasiolib::AntiCollision2D & __cdecl kasiolib::AntiCollision2D::operator=(class kasiolib::AntiCollision2D const &))
       12    ??4AntiCollisionC@kasiolib@@QEAAAEAV01@AEBV01@@Z (public: class kasiolib::AntiCollisionC & __cdecl kasiolib::AntiCollisionC::operator=(class kasiolib::AntiCollisionC const &))
       13    ??_7AntiCollision1D@kasiolib@@6B@ (const kasiolib::AntiCollision1D::`vftable')
       14    ??_7AntiCollision2D@kasiolib@@6B@ (const kasiolib::AntiCollision2D::`vftable')
       15    ??_7AntiCollisionC@kasiolib@@6B@ (const kasiolib::AntiCollisionC::`vftable')
       16    CreateAntiCollision1D
       17    CreateAntiCollision2D
       18    CreateAntiCollisionC
       19    DestroyAntiCollision1D
       20    DestroyAntiCollision2D
       21    DestroyAntiCollisionC
       22    GetCalibrationErr
       23    GetCalibrationPosXY
       24    OffsetFrom2Point
       25    OffsetFrom3Point
       26    OffsetFrom4Point
